Archive member included to satisfy reference by file (symbol)

c:/program files (x86)/atollic/truestudio for stm32 9.3.0/armtools/bin/../lib/gcc/arm-atollic-eabi/6.3.1/../../../../arm-atollic-eabi/lib/armv7e-m/fpu\libc_nano.a(lib_a-errno.o)
                              Src\syscalls.o (__errno)
c:/program files (x86)/atollic/truestudio for stm32 9.3.0/armtools/bin/../lib/gcc/arm-atollic-eabi/6.3.1/../../../../arm-atollic-eabi/lib/armv7e-m/fpu\libc_nano.a(lib_a-impure.o)
                              c:/program files (x86)/atollic/truestudio for stm32 9.3.0/armtools/bin/../lib/gcc/arm-atollic-eabi/6.3.1/../../../../arm-atollic-eabi/lib/armv7e-m/fpu\libc_nano.a(lib_a-errno.o) (_impure_ptr)
c:/program files (x86)/atollic/truestudio for stm32 9.3.0/armtools/bin/../lib/gcc/arm-atollic-eabi/6.3.1/../../../../arm-atollic-eabi/lib/armv7e-m/fpu\libc_nano.a(lib_a-init.o)
                              startup\startup_stm32f407xx.o (__libc_init_array)
c:/program files (x86)/atollic/truestudio for stm32 9.3.0/armtools/bin/../lib/gcc/arm-atollic-eabi/6.3.1/../../../../arm-atollic-eabi/lib/armv7e-m/fpu\libc_nano.a(lib_a-malloc.o)
                              Middlewares\ST\STM32_USB_Host_Library\Class\HID\Src\usbh_hid.o (free)
c:/program files (x86)/atollic/truestudio for stm32 9.3.0/armtools/bin/../lib/gcc/arm-atollic-eabi/6.3.1/../../../../arm-atollic-eabi/lib/armv7e-m/fpu\libc_nano.a(lib_a-memcpy-stub.o)
                              Middlewares\Third_Party\FreeRTOS\Source\CMSIS_RTOS_V2\cmsis_os2.o (memcpy)
c:/program files (x86)/atollic/truestudio for stm32 9.3.0/armtools/bin/../lib/gcc/arm-atollic-eabi/6.3.1/../../../../arm-atollic-eabi/lib/armv7e-m/fpu\libc_nano.a(lib_a-memset.o)
                              Middlewares\Third_Party\FreeRTOS\Source\stream_buffer.o (memset)
c:/program files (x86)/atollic/truestudio for stm32 9.3.0/armtools/bin/../lib/gcc/arm-atollic-eabi/6.3.1/../../../../arm-atollic-eabi/lib/armv7e-m/fpu\libc_nano.a(lib_a-nano-freer.o)
                              c:/program files (x86)/atollic/truestudio for stm32 9.3.0/armtools/bin/../lib/gcc/arm-atollic-eabi/6.3.1/../../../../arm-atollic-eabi/lib/armv7e-m/fpu\libc_nano.a(lib_a-malloc.o) (_free_r)
c:/program files (x86)/atollic/truestudio for stm32 9.3.0/armtools/bin/../lib/gcc/arm-atollic-eabi/6.3.1/../../../../arm-atollic-eabi/lib/armv7e-m/fpu\libc_nano.a(lib_a-nano-mallocr.o)
                              c:/program files (x86)/atollic/truestudio for stm32 9.3.0/armtools/bin/../lib/gcc/arm-atollic-eabi/6.3.1/../../../../arm-atollic-eabi/lib/armv7e-m/fpu\libc_nano.a(lib_a-malloc.o) (_malloc_r)
c:/program files (x86)/atollic/truestudio for stm32 9.3.0/armtools/bin/../lib/gcc/arm-atollic-eabi/6.3.1/../../../../arm-atollic-eabi/lib/armv7e-m/fpu\libc_nano.a(lib_a-printf.o)
                              Middlewares\ST\STM32_USB_Host_Library\Class\HID\Src\usbh_hid.o (printf)
c:/program files (x86)/atollic/truestudio for stm32 9.3.0/armtools/bin/../lib/gcc/arm-atollic-eabi/6.3.1/../../../../arm-atollic-eabi/lib/armv7e-m/fpu\libc_nano.a(lib_a-putchar.o)
                              Middlewares\ST\STM32_USB_Host_Library\Class\HID\Src\usbh_hid.o (putchar)
c:/program files (x86)/atollic/truestudio for stm32 9.3.0/armtools/bin/../lib/gcc/arm-atollic-eabi/6.3.1/../../../../arm-atollic-eabi/lib/armv7e-m/fpu\libc_nano.a(lib_a-puts.o)
                              Src\freertos.o (puts)
c:/program files (x86)/atollic/truestudio for stm32 9.3.0/armtools/bin/../lib/gcc/arm-atollic-eabi/6.3.1/../../../../arm-atollic-eabi/lib/armv7e-m/fpu\libc_nano.a(lib_a-sbrkr.o)
                              c:/program files (x86)/atollic/truestudio for stm32 9.3.0/armtools/bin/../lib/gcc/arm-atollic-eabi/6.3.1/../../../../arm-atollic-eabi/lib/armv7e-m/fpu\libc_nano.a(lib_a-nano-mallocr.o) (_sbrk_r)
c:/program files (x86)/atollic/truestudio for stm32 9.3.0/armtools/bin/../lib/gcc/arm-atollic-eabi/6.3.1/../../../../arm-atollic-eabi/lib/armv7e-m/fpu\libc_nano.a(lib_a-sprintf.o)
                              Middlewares\Third_Party\FreeRTOS\Source\tasks.o (sprintf)
c:/program files (x86)/atollic/truestudio for stm32 9.3.0/armtools/bin/../lib/gcc/arm-atollic-eabi/6.3.1/../../../../arm-atollic-eabi/lib/armv7e-m/fpu\libc_nano.a(lib_a-strcpy.o)
                              Middlewares\Third_Party\FreeRTOS\Source\tasks.o (strcpy)
c:/program files (x86)/atollic/truestudio for stm32 9.3.0/armtools/bin/../lib/gcc/arm-atollic-eabi/6.3.1/../../../../arm-atollic-eabi/lib/armv7e-m/fpu\libc_nano.a(lib_a-strlen.o)
                              Middlewares\Third_Party\FreeRTOS\Source\tasks.o (strlen)
c:/program files (x86)/atollic/truestudio for stm32 9.3.0/armtools/bin/../lib/gcc/arm-atollic-eabi/6.3.1/../../../../arm-atollic-eabi/lib/armv7e-m/fpu\libc_nano.a(lib_a-wbuf.o)
                              c:/program files (x86)/atollic/truestudio for stm32 9.3.0/armtools/bin/../lib/gcc/arm-atollic-eabi/6.3.1/../../../../arm-atollic-eabi/lib/armv7e-m/fpu\libc_nano.a(lib_a-puts.o) (__swbuf_r)
[...]
Memory Configuration

Name             Origin             Length             Attributes
RAM              0x20000000         0x00020000         xrw
CCMRAM           0x10000000         0x00010000         rw
FLASH            0x08000000         0x00080000         xr
*default*        0x00000000         0xffffffff

Linker script and memory map

LOAD c:/program files (x86)/atollic/truestudio for stm32 9.3.0/armtools/bin/../lib/gcc/arm-atollic-eabi/6.3.1/armv7e-m/fpu/crti.o
LOAD c:/program files (x86)/atollic/truestudio for stm32 9.3.0/armtools/bin/../lib/gcc/arm-atollic-eabi/6.3.1/armv7e-m/fpu/crtbegin.o
LOAD Drivers\STM32F4xx_HAL_Driver\Src\stm32f4xx_hal.o
LOAD Drivers\STM32F4xx_HAL_Driver\Src\stm32f4xx_hal_cortex.o
LOAD Drivers\STM32F4xx_HAL_Driver\Src\stm32f4xx_hal_dma.o
LOAD Drivers\STM32F4xx_HAL_Driver\Src\stm32f4xx_hal_dma_ex.o
LOAD Drivers\STM32F4xx_HAL_Driver\Src\stm32f4xx_hal_exti.o
LOAD Drivers\STM32F4xx_HAL_Driver\Src\stm32f4xx_hal_flash.o
LOAD Drivers\STM32F4xx_HAL_Driver\Src\stm32f4xx_hal_flash_ex.o
LOAD Drivers\STM32F4xx_HAL_Driver\Src\stm32f4xx_hal_flash_ramfunc.o
LOAD Drivers\STM32F4xx_HAL_Driver\Src\stm32f4xx_hal_gpio.o
LOAD Drivers\STM32F4xx_HAL_Driver\Src\stm32f4xx_hal_hcd.o
LOAD Drivers\STM32F4xx_HAL_Driver\Src\stm32f4xx_hal_pwr.o
LOAD Drivers\STM32F4xx_HAL_Driver\Src\stm32f4xx_hal_pwr_ex.o
LOAD Drivers\STM32F4xx_HAL_Driver\Src\stm32f4xx_hal_rcc.o
LOAD Drivers\STM32F4xx_HAL_Driver\Src\stm32f4xx_hal_rcc_ex.o
LOAD Drivers\STM32F4xx_HAL_Driver\Src\stm32f4xx_hal_tim.o
LOAD Drivers\STM32F4xx_HAL_Driver\Src\stm32f4xx_hal_tim_ex.o
LOAD Drivers\STM32F4xx_HAL_Driver\Src\stm32f4xx_ll_usb.o
LOAD Middlewares\ST\STM32_USB_Host_Library\Class\HID\Src\usbh_hid.o
LOAD Middlewares\ST\STM32_USB_Host_Library\Class\HID\Src\usbh_hid_keybd.o
LOAD Middlewares\ST\STM32_USB_Host_Library\Class\HID\Src\usbh_hid_mouse.o
LOAD Middlewares\ST\STM32_USB_Host_Library\Class\HID\Src\usbh_hid_parser.o
LOAD Middlewares\ST\STM32_USB_Host_Library\Core\Src\usbh_core.o
LOAD Middlewares\ST\STM32_USB_Host_Library\Core\Src\usbh_ctlreq.o
LOAD Middlewares\ST\STM32_USB_Host_Library\Core\Src\usbh_ioreq.o
LOAD Middlewares\ST\STM32_USB_Host_Library\Core\Src\usbh_pipes.o
LOAD Middlewares\Third_Party\FreeRTOS\Source\CMSIS_RTOS_V2\cmsis_os2.o
LOAD Middlewares\Third_Party\FreeRTOS\Source\croutine.o
LOAD Middlewares\Third_Party\FreeRTOS\Source\event_groups.o
LOAD Middlewares\Third_Party\FreeRTOS\Source\list.o
LOAD Middlewares\Third_Party\FreeRTOS\Source\portable\GCC\ARM_CM4F\port.o
LOAD Middlewares\Third_Party\FreeRTOS\Source\portable\MemMang\heap_4.o
LOAD Middlewares\Third_Party\FreeRTOS\Source\queue.o
LOAD Middlewares\Third_Party\FreeRTOS\Source\stream_buffer.o
LOAD Middlewares\Third_Party\FreeRTOS\Source\tasks.o
LOAD Middlewares\Third_Party\FreeRTOS\Source\timers.o
LOAD Src\freertos.o
LOAD Src\main.o
LOAD Src\stm32f4xx_hal_msp.o
LOAD Src\stm32f4xx_hal_timebase_tim.o
LOAD Src\stm32f4xx_it.o
LOAD Src\syscalls.o
LOAD Src\system_stm32f4xx.o
LOAD Src\usb_host.o
LOAD Src\usbh_conf.o
LOAD Src\usbh_platform.o
LOAD startup\startup_stm32f407xx.o
                0x00000080                malloc_getpagesize_P = 0x80
START GROUP
LOAD c:/program files (x86)/atollic/truestudio for stm32 9.3.0/armtools/bin/../lib/gcc/arm-atollic-eabi/6.3.1/../../../../arm-atollic-eabi/lib/armv7e-m/fpu\libc_nano.a
LOAD c:/program files (x86)/atollic/truestudio for stm32 9.3.0/armtools/bin/../lib/gcc/arm-atollic-eabi/6.3.1/../../../../arm-atollic-eabi/lib/armv7e-m/fpu\libm.a
END GROUP
START GROUP
LOAD c:/program files (x86)/atollic/truestudio for stm32 9.3.0/armtools/bin/../lib/gcc/arm-atollic-eabi/6.3.1/armv7e-m/fpu\libgcc.a
LOAD c:/program files (x86)/atollic/truestudio for stm32 9.3.0/armtools/bin/../lib/gcc/arm-atollic-eabi/6.3.1/../../../../arm-atollic-eabi/lib/armv7e-m/fpu\libc_nano.a
END GROUP
START GROUP
LOAD c:/program files (x86)/atollic/truestudio for stm32 9.3.0/armtools/bin/../lib/gcc/arm-atollic-eabi/6.3.1/armv7e-m/fpu\libgcc.a
LOAD c:/program files (x86)/atollic/truestudio for stm32 9.3.0/armtools/bin/../lib/gcc/arm-atollic-eabi/6.3.1/../../../../arm-atollic-eabi/lib/armv7e-m/fpu\libc_nano.a
LOAD c:/program files (x86)/atollic/truestudio for stm32 9.3.0/armtools/bin/../lib/gcc/arm-atollic-eabi/6.3.1/../../../../arm-atollic-eabi/lib/armv7e-m/fpu\libnosys.a
END GROUP
START GROUP
LOAD c:/program files (x86)/atollic/truestudio for stm32 9.3.0/armtools/bin/../lib/gcc/arm-atollic-eabi/6.3.1/armv7e-m/fpu\libgcc.a
LOAD c:/program files (x86)/atollic/truestudio for stm32 9.3.0/armtools/bin/../lib/gcc/arm-atollic-eabi/6.3.1/../../../../arm-atollic-eabi/lib/armv7e-m/fpu\libc_nano.a
LOAD c:/program files (x86)/atollic/truestudio for stm32 9.3.0/armtools/bin/../lib/gcc/arm-atollic-eabi/6.3.1/../../../../arm-atollic-eabi/lib/armv7e-m/fpu\libnosys.a
END GROUP
LOAD c:/program files (x86)/atollic/truestudio for stm32 9.3.0/armtools/bin/../lib/gcc/arm-atollic-eabi/6.3.1/armv7e-m/fpu/crtend.o
LOAD c:/program files (x86)/atollic/truestudio for stm32 9.3.0/armtools/bin/../lib/gcc/arm-atollic-eabi/6.3.1/armv7e-m/fpu/crtn.o
                0x20020000                _estack = 0x20020000
                0x00004000                _Min_Heap_Size = 0x4000
                0x00004000                _Min_Stack_Size = 0x4000

.isr_vector     0x08000000      0x188
                0x08000000                . = ALIGN (0x4)
 *(.isr_vector)
 .isr_vector    0x08000000      0x188 startup\startup_stm32f407xx.o
                0x08000000                g_pfnVectors
                0x08000188                . = ALIGN (0x4)

.text           0x08000190     0x857c
                0x08000190                . = ALIGN (0x4)
 *(.text)
 .text          0x08000190       0x40 c:/program files (x86)/atollic/truestudio for stm32 9.3.0/armtools/bin/../lib/gcc/arm-atollic-eabi/6.3.1/armv7e-m/fpu/crtbegin.o
 .text          0x080001d0       0xa0 c:/program files (x86)/atollic/truestudio for stm32 9.3.0/armtools/bin/../lib/gcc/arm-atollic-eabi/6.3.1/../../../../arm-atollic-eabi/lib/armv7e-m/fpu\libc_nano.a(lib_a-memchr.o)
                0x080001d0                memchr
 .text          0x08000270       0x30 c:/program files (x86)/atollic/truestudio for stm32 9.3.0/armtools/bin/../lib/gcc/arm-atollic-eabi/6.3.1/armv7e-m/fpu\libgcc.a(_aeabi_uldivmod.o)
                0x08000270                __aeabi_uldivmod
 .text          0x080002a0      0x2dc c:/program files (x86)/atollic/truestudio for stm32 9.3.0/armtools/bin/../lib/gcc/arm-atollic-eabi/6.3.1/armv7e-m/fpu\libgcc.a(_udivmoddi4.o)
                0x080002a0                __udivmoddi4
 .text          0x0800057c        0x4 c:/program files (x86)/atollic/truestudio for stm32 9.3.0/armtools/bin/../lib/gcc/arm-atollic-eabi/6.3.1/armv7e-m/fpu\libgcc.a(_dvmd_tls.o)
                0x0800057c                __aeabi_idiv0
                0x0800057c                __aeabi_ldiv0
 *(.text*)
 .text.HAL_Init
                0x08000580       0x34 Drivers\STM32F4xx_HAL_Driver\Src\stm32f4xx_hal.o
                0x08000580                HAL_Init
 .text.HAL_IncTick
                0x080005b4       0x18 Drivers\STM32F4xx_HAL_Driver\Src\stm32f4xx_hal.o
                0x080005b4                HAL_IncTick
 .text.HAL_GetTick
                0x080005cc        0xc Drivers\STM32F4xx_HAL_Driver\Src\stm32f4xx_hal.o
                0x080005cc                HAL_GetTick
 .text.HAL_Delay
                0x080005d8       0x28 Drivers\STM32F4xx_HAL_Driver\Src\stm32f4xx_hal.o
                0x080005d8                HAL_Delay
 .text.HAL_NVIC_SetPriorityGrouping
                0x08000600       0x3c Drivers\STM32F4xx_HAL_Driver\Src\stm32f4xx_hal_cortex.o
                0x08000600                HAL_NVIC_SetPriorityGrouping
 .text.HAL_NVIC_SetPriority
                0x0800063c       0x88 Drivers\STM32F4xx_HAL_Driver\Src\stm32f4xx_hal_cortex.o
                0x0800063c                HAL_NVIC_SetPriority
 .text.HAL_NVIC_EnableIRQ
                0x080006c4       0x30 Drivers\STM32F4xx_HAL_Driver\Src\stm32f4xx_hal_cortex.o
                0x080006c4                HAL_NVIC_EnableIRQ
 .text.HAL_GPIO_Init
                0x080006f4      0x300 Drivers\STM32F4xx_HAL_Driver\Src\stm32f4xx_hal_gpio.o
                0x080006f4                HAL_GPIO_Init
 .text.HAL_GPIO_WritePin
                0x080009f4       0x34 Drivers\STM32F4xx_HAL_Driver\Src\stm32f4xx_hal_gpio.o
                0x080009f4                HAL_GPIO_WritePin
 .text.HCD_RXQLVL_IRQHandler
                0x08000a28       0x7c Drivers\STM32F4xx_HAL_Driver\Src\stm32f4xx_hal_hcd.o
 .text.HAL_HCD_HC_Init
                0x08000aa4       0xa0 Drivers\STM32F4xx_HAL_Driver\Src\stm32f4xx_hal_hcd.o
                0x08000aa4                HAL_HCD_HC_Init
 .text.HAL_HCD_HC_Halt
                0x08000b44       0x24 Drivers\STM32F4xx_HAL_Driver\Src\stm32f4xx_hal_hcd.o
                0x08000b44                HAL_HCD_HC_Halt
 .text.HAL_HCD_Init
                0x08000b68       0xb4 Drivers\STM32F4xx_HAL_Driver\Src\stm32f4xx_hal_hcd.o
                0x08000b68                HAL_HCD_Init
 .text.HAL_HCD_HC_SubmitRequest
                0x08000c1c      0x18e Drivers\STM32F4xx_HAL_Driver\Src\stm32f4xx_hal_hcd.o
                0x08000c1c                HAL_HCD_HC_SubmitRequest
 .text.HCD_Port_IRQHandler
                0x08000daa       0xd4 Drivers\STM32F4xx_HAL_Driver\Src\stm32f4xx_hal_hcd.o
 .text.HCD_HC_IN_IRQHandler
                0x08000e7e      0x2bc Drivers\STM32F4xx_HAL_Driver\Src\stm32f4xx_hal_hcd.o
 .text.HCD_HC_OUT_IRQHandler
                0x0800113a      0x2c0 Drivers\STM32F4xx_HAL_Driver\Src\stm32f4xx_hal_hcd.o
 .text.HAL_HCD_IRQHandler
                0x080013fa      0x152 Drivers\STM32F4xx_HAL_Driver\Src\stm32f4xx_hal_hcd.o
                0x080013fa                HAL_HCD_IRQHandler
 .text.HAL_HCD_Start
                0x0800154c       0x2c Drivers\STM32F4xx_HAL_Driver\Src\stm32f4xx_hal_hcd.o
                0x0800154c                HAL_HCD_Start
 .text.HAL_HCD_Stop
                0x08001578       0x24 Drivers\STM32F4xx_HAL_Driver\Src\stm32f4xx_hal_hcd.o
                0x08001578                HAL_HCD_Stop
 .text.HAL_HCD_ResetPort
                0x0800159c        0xa Drivers\STM32F4xx_HAL_Driver\Src\stm32f4xx_hal_hcd.o
                0x0800159c                HAL_HCD_ResetPort
 .text.HAL_HCD_HC_GetURBState
                0x080015a6        0xe Drivers\STM32F4xx_HAL_Driver\Src\stm32f4xx_hal_hcd.o
                0x080015a6                HAL_HCD_HC_GetURBState
 .text.HAL_HCD_GetCurrentFrame
                0x080015b4        0xa Drivers\STM32F4xx_HAL_Driver\Src\stm32f4xx_hal_hcd.o
                0x080015b4                HAL_HCD_GetCurrentFrame
 .text.HAL_HCD_GetCurrentSpeed
                0x080015be        0xa Drivers\STM32F4xx_HAL_Driver\Src\stm32f4xx_hal_hcd.o
                0x080015be                HAL_HCD_GetCurrentSpeed
 .text.HAL_RCC_OscConfig
                0x080015c8      0x4e8 Drivers\STM32F4xx_HAL_Driver\Src\stm32f4xx_hal_rcc.o
                0x080015c8                HAL_RCC_OscConfig
 .text.HAL_RCC_GetSysClockFreq
                0x08001ab0       0xd4 Drivers\STM32F4xx_HAL_Driver\Src\stm32f4xx_hal_rcc.o
                0x08001ab0                HAL_RCC_GetSysClockFreq
 .text.HAL_RCC_ClockConfig
                0x08001b84      0x214 Drivers\STM32F4xx_HAL_Driver\Src\stm32f4xx_hal_rcc.o
                0x08001b84                HAL_RCC_ClockConfig
 .text.HAL_RCC_GetHCLKFreq
                0x08001d98        0xc Drivers\STM32F4xx_HAL_Driver\Src\stm32f4xx_hal_rcc.o
                0x08001d98                HAL_RCC_GetHCLKFreq
 .text.HAL_RCC_GetPCLK1Freq
                0x08001da4       0x20 Drivers\STM32F4xx_HAL_Driver\Src\stm32f4xx_hal_rcc.o
                0x08001da4                HAL_RCC_GetPCLK1Freq
 .text.HAL_RCC_GetClockConfig
                0x08001dc4       0x3c Drivers\STM32F4xx_HAL_Driver\Src\stm32f4xx_hal_rcc.o
                0x08001dc4                HAL_RCC_GetClockConfig
 .text.TIM_TI1_ConfigInputStage
                0x08001e00       0x26 Drivers\STM32F4xx_HAL_Driver\Src\stm32f4xx_hal_tim.o
 .text.TIM_TI2_ConfigInputStage
                0x08001e26       0x28 Drivers\STM32F4xx_HAL_Driver\Src\stm32f4xx_hal_tim.o
 .text.TIM_ITRx_SetConfig
                0x08001e4e       0x10 Drivers\STM32F4xx_HAL_Driver\Src\stm32f4xx_hal_tim.o
 *fill*         0x08001e5e        0x2 
 .text.TIM_OC1_SetConfig
                0x08001e60       0xbc Drivers\STM32F4xx_HAL_Driver\Src\stm32f4xx_hal_tim.o
 .text.TIM_OC3_SetConfig
                0x08001f1c       0xc0 Drivers\STM32F4xx_HAL_Driver\Src\stm32f4xx_hal_tim.o
 .text.TIM_OC4_SetConfig
                0x08001fdc       0x74 Drivers\STM32F4xx_HAL_Driver\Src\stm32f4xx_hal_tim.o
 .text.HAL_TIM_Base_Start_IT
                0x08002050       0xa8 Drivers\STM32F4xx_HAL_Driver\Src\stm32f4xx_hal_tim.o
                0x08002050                HAL_TIM_Base_Start_IT
 .text.HAL_TIM_OC_MspInit
                0x080020f8        0x2 Drivers\STM32F4xx_HAL_Driver\Src\stm32f4xx_hal_tim.o
                0x080020f8                HAL_TIM_OC_MspInit
 .text.HAL_TIM_OC_DelayElapsedCallback
                0x080020fa        0x2 Drivers\STM32F4xx_HAL_Driver\Src\stm32f4xx_hal_tim.o
                0x080020fa                HAL_TIM_OC_DelayElapsedCallback
 .text.HAL_TIM_IC_CaptureCallback
                0x080020fc        0x2 Drivers\STM32F4xx_HAL_Driver\Src\stm32f4xx_hal_tim.o
                0x080020fc                HAL_TIM_IC_CaptureCallback
 .text.HAL_TIM_PWM_PulseFinishedCallback
                0x080020fe        0x2 Drivers\STM32F4xx_HAL_Driver\Src\stm32f4xx_hal_tim.o
                0x080020fe                HAL_TIM_PWM_PulseFinishedCallback
 .text.HAL_TIM_TriggerCallback
                0x08002100        0x2 Drivers\STM32F4xx_HAL_Driver\Src\stm32f4xx_hal_tim.o
                0x08002100                HAL_TIM_TriggerCallback
 .text.HAL_TIM_IRQHandler
                0x08002102      0x17a Drivers\STM32F4xx_HAL_Driver\Src\stm32f4xx_hal_tim.o
                0x08002102                HAL_TIM_IRQHandler
 .text.TIM_Base_SetConfig
                0x0800227c       0xcc Drivers\STM32F4xx_HAL_Driver\Src\stm32f4xx_hal_tim.o
                0x0800227c                TIM_Base_SetConfig
 .text.HAL_TIM_Base_Init
                0x08002348      0x100 Drivers\STM32F4xx_HAL_Driver\Src\stm32f4xx_hal_tim.o
                0x08002348                HAL_TIM_Base_Init
 .text.HAL_TIM_OC_Init
                0x08002448      0x100 Drivers\STM32F4xx_HAL_Driver\Src\stm32f4xx_hal_tim.o
                0x08002448                HAL_TIM_OC_Init
 .text.TIM_OC2_SetConfig
                0x08002548       0xc0 Drivers\STM32F4xx_HAL_Driver\Src\stm32f4xx_hal_tim.o
                0x08002548                TIM_OC2_SetConfig
 .text.HAL_TIM_OC_ConfigChannel
                0x08002608      0x1e4 Drivers\STM32F4xx_HAL_Driver\Src\stm32f4xx_hal_tim.o
                0x08002608                HAL_TIM_OC_ConfigChannel
 .text.TIM_ETR_SetConfig
                0x080027ec       0x18 Drivers\STM32F4xx_HAL_Driver\Src\stm32f4xx_hal_tim.o
                0x080027ec                TIM_ETR_SetConfig
 .text.HAL_TIM_ConfigClockSource
                0x08002804      0x488 Drivers\STM32F4xx_HAL_Driver\Src\stm32f4xx_hal_tim.o
                0x08002804                HAL_TIM_ConfigClockSource
 .text.HAL_TIMEx_MasterConfigSynchronization
                0x08002c8c      0x114 Drivers\STM32F4xx_HAL_Driver\Src\stm32f4xx_hal_tim_ex.o
                0x08002c8c                HAL_TIMEx_MasterConfigSynchronization
 .text.HAL_TIMEx_CommutCallback
                0x08002da0        0x2 Drivers\STM32F4xx_HAL_Driver\Src\stm32f4xx_hal_tim_ex.o
                0x08002da0                HAL_TIMEx_CommutCallback
 .text.HAL_TIMEx_BreakCallback
                0x08002da2        0x2 Drivers\STM32F4xx_HAL_Driver\Src\stm32f4xx_hal_tim_ex.o
                0x08002da2                HAL_TIMEx_BreakCallback
 .text.USB_CoreReset
                0x08002da4       0x3c Drivers\STM32F4xx_HAL_Driver\Src\stm32f4xx_ll_usb.o
 .text.USB_CoreInit
                0x08002de0       0x8a Drivers\STM32F4xx_HAL_Driver\Src\stm32f4xx_ll_usb.o
                0x08002de0                USB_CoreInit
 .text.USB_EnableGlobalInt
                0x08002e6a        0xc Drivers\STM32F4xx_HAL_Driver\Src\stm32f4xx_ll_usb.o
                0x08002e6a                USB_EnableGlobalInt
 .text.USB_DisableGlobalInt
                0x08002e76        0xc Drivers\STM32F4xx_HAL_Driver\Src\stm32f4xx_ll_usb.o
                0x08002e76                USB_DisableGlobalInt
 .text.USB_SetCurrentMode
                0x08002e82       0x30 Drivers\STM32F4xx_HAL_Driver\Src\stm32f4xx_ll_usb.o
                0x08002e82                USB_SetCurrentMode
 *fill*         0x08002eb2        0x2 
 .text.USB_FlushTxFifo
                0x08002eb4       0x28 Drivers\STM32F4xx_HAL_Driver\Src\stm32f4xx_ll_usb.o
                0x08002eb4                USB_FlushTxFifo
 .text.USB_FlushRxFifo
                0x08002edc       0x24 Drivers\STM32F4xx_HAL_Driver\Src\stm32f4xx_ll_usb.o
                0x08002edc                USB_FlushRxFifo
 .text.USB_WritePacket
                0x08002f00       0x28 Drivers\STM32F4xx_HAL_Driver\Src\stm32f4xx_ll_usb.o
                0x08002f00                USB_WritePacket
 .text.USB_ReadPacket
                0x08002f28       0x28 Drivers\STM32F4xx_HAL_Driver\Src\stm32f4xx_ll_usb.o
                0x08002f28                USB_ReadPacket
 .text.USB_ReadInterrupts
                0x08002f50        0x8 Drivers\STM32F4xx_HAL_Driver\Src\stm32f4xx_ll_usb.o
                0x08002f50                USB_ReadInterrupts
 .text.USB_GetMode
                0x08002f58        0x8 Drivers\STM32F4xx_HAL_Driver\Src\stm32f4xx_ll_usb.o
                0x08002f58                USB_GetMode
 .text.USB_InitFSLSPClkSel
                0x08002f60       0x40 Drivers\STM32F4xx_HAL_Driver\Src\stm32f4xx_ll_usb.o
                0x08002f60                USB_InitFSLSPClkSel
 .text.USB_ResetPort
                0x08002fa0       0x3e Drivers\STM32F4xx_HAL_Driver\Src\stm32f4xx_ll_usb.o
                0x08002fa0                USB_ResetPort
 .text.USB_DriveVbus
                0x08002fde       0x46 Drivers\STM32F4xx_HAL_Driver\Src\stm32f4xx_ll_usb.o
                0x08002fde                USB_DriveVbus
 .text.USB_HostInit
                0x08003024       0xfc Drivers\STM32F4xx_HAL_Driver\Src\stm32f4xx_ll_usb.o
                0x08003024                USB_HostInit
 .text.USB_GetHostSpeed
                0x08003120       0x16 Drivers\STM32F4xx_HAL_Driver\Src\stm32f4xx_ll_usb.o
                0x08003120                USB_GetHostSpeed
 .text.USB_GetCurrentFrame
                0x08003136        0xa Drivers\STM32F4xx_HAL_Driver\Src\stm32f4xx_ll_usb.o
                0x08003136                USB_GetCurrentFrame
 .text.USB_HC_Init
                0x08003140      0x104 Drivers\STM32F4xx_HAL_Driver\Src\stm32f4xx_ll_usb.o
                0x08003140                USB_HC_Init
 .text.USB_HC_ReadInterrupt
                0x08003244        0xa Drivers\STM32F4xx_HAL_Driver\Src\stm32f4xx_ll_usb.o
                0x08003244                USB_HC_ReadInterrupt
 .text.USB_HC_Halt
                0x0800324e       0xd0 Drivers\STM32F4xx_HAL_Driver\Src\stm32f4xx_ll_usb.o
                0x0800324e                USB_HC_Halt
 *fill*         0x0800331e        0x2 
 .text.USB_DoPing
                0x08003320       0x24 Drivers\STM32F4xx_HAL_Driver\Src\stm32f4xx_ll_usb.o
                0x08003320                USB_DoPing
 .text.USB_HC_StartXfer
                0x08003344      0x158 Drivers\STM32F4xx_HAL_Driver\Src\stm32f4xx_ll_usb.o
                0x08003344                USB_HC_StartXfer
 .text.USB_StopHost
                0x0800349c       0x7e Drivers\STM32F4xx_HAL_Driver\Src\stm32f4xx_ll_usb.o
                0x0800349c                USB_StopHost
 .text.USBH_HID_ParseHIDDesc
                0x0800351a       0x2a Middlewares\ST\STM32_USB_Host_Library\Class\HID\Src\usbh_hid.o
 .text.USBH_HID_SOFProcess
                0x08003544       0x3c Middlewares\ST\STM32_USB_Host_Library\Class\HID\Src\usbh_hid.o
 .text.USBH_HID_InterfaceDeInit
                0x08003580       0x50 Middlewares\ST\STM32_USB_Host_Library\Class\HID\Src\usbh_hid.o
 .text.USBH_HID_InterfaceInit
                0x080035d0      0x1ac Middlewares\ST\STM32_USB_Host_Library\Class\HID\Src\usbh_hid.o
 .text.USBH_HID_GetHIDReportDescriptor
                0x0800377c       0x1a Middlewares\ST\STM32_USB_Host_Library\Class\HID\Src\usbh_hid.o
                0x0800377c                USBH_HID_GetHIDReportDescriptor
 .text.USBH_HID_GetHIDDescriptor
                0x08003796       0x1a Middlewares\ST\STM32_USB_Host_Library\Class\HID\Src\usbh_hid.o
                0x08003796                USBH_HID_GetHIDDescriptor
 .text.USBH_HID_SetIdle
                0x080037b0       0x1e Middlewares\ST\STM32_USB_Host_Library\Class\HID\Src\usbh_hid.o
                0x080037b0                USBH_HID_SetIdle
 .text.USBH_HID_GetReport
                0x080037ce       0x24 Middlewares\ST\STM32_USB_Host_Library\Class\HID\Src\usbh_hid.o
                0x080037ce                USBH_HID_GetReport
 .text.USBH_HID_SetProtocol
                0x080037f2       0x24 Middlewares\ST\STM32_USB_Host_Library\Class\HID\Src\usbh_hid.o
                0x080037f2                USBH_HID_SetProtocol
 .text.USBH_HID_ClassRequest
                0x08003816       0x94 Middlewares\ST\STM32_USB_Host_Library\Class\HID\Src\usbh_hid.o
 .text.USBH_HID_FifoInit
                0x080038aa        0xe Middlewares\ST\STM32_USB_Host_Library\Class\HID\Src\usbh_hid.o
                0x080038aa                USBH_HID_FifoInit
 .text.USBH_HID_FifoRead
                0x080038b8       0x5a Middlewares\ST\STM32_USB_Host_Library\Class\HID\Src\usbh_hid.o
                0x080038b8                USBH_HID_FifoRead
 .text.USBH_HID_FifoWrite
                0x08003912       0x64 Middlewares\ST\STM32_USB_Host_Library\Class\HID\Src\usbh_hid.o
                0x08003912                USBH_HID_FifoWrite
 .text.USBH_HID_Process
                0x08003976      0x154 Middlewares\ST\STM32_USB_Host_Library\Class\HID\Src\usbh_hid.o
 *fill*         0x08003aca        0x2 
 .text.USBH_HID_KeybdDecode
                0x08003acc       0xc0 Middlewares\ST\STM32_USB_Host_Library\Class\HID\Src\usbh_hid_keybd.o
 .text.USBH_HID_KeybdInit
                0x08003b8c       0x54 Middlewares\ST\STM32_USB_Host_Library\Class\HID\Src\usbh_hid_keybd.o
                0x08003b8c                USBH_HID_KeybdInit
 .text.USBH_HID_GetKeybdInfo
                0x08003be0       0x14 Middlewares\ST\STM32_USB_Host_Library\Class\HID\Src\usbh_hid_keybd.o
                0x08003be0                USBH_HID_GetKeybdInfo
 .text.USBH_HID_GetASCIICode
                0x08003bf4       0x30 Middlewares\ST\STM32_USB_Host_Library\Class\HID\Src\usbh_hid_keybd.o
                0x08003bf4                USBH_HID_GetASCIICode
 .text.USBH_HID_MouseInit
                0x08003c24       0x44 Middlewares\ST\STM32_USB_Host_Library\Class\HID\Src\usbh_hid_mouse.o
                0x08003c24                USBH_HID_MouseInit
 .text.HID_ReadItem
                0x08003c68       0x90 Middlewares\ST\STM32_USB_Host_Library\Class\HID\Src\usbh_hid_parser.o
                0x08003c68                HID_ReadItem
 .text.DeInitStateMachine
                0x08003cf8       0x4a Middlewares\ST\STM32_USB_Host_Library\Core\Src\usbh_core.o
 .text.USBH_HandleSof
                0x08003d42       0x1a Middlewares\ST\STM32_USB_Host_Library\Core\Src\usbh_core.o
 .text.USBH_HandleEnum
                0x08003d5c      0x27c Middlewares\ST\STM32_USB_Host_Library\Core\Src\usbh_core.o
 .text.USBH_Init
                0x08003fd8       0x80 Middlewares\ST\STM32_USB_Host_Library\Core\Src\usbh_core.o
                0x08003fd8                USBH_Init
 .text.USBH_RegisterClass
                0x08004058       0x58 Middlewares\ST\STM32_USB_Host_Library\Core\Src\usbh_core.o
                0x08004058                USBH_RegisterClass
 .text.USBH_SelectInterface
                0x080040b0       0x88 Middlewares\ST\STM32_USB_Host_Library\Core\Src\usbh_core.o
                0x080040b0                USBH_SelectInterface
 .text.USBH_FindInterface
                0x08004138       0x52 Middlewares\ST\STM32_USB_Host_Library\Core\Src\usbh_core.o
                0x08004138                USBH_FindInterface
 .text.USBH_Start
                0x0800418a       0x14 Middlewares\ST\STM32_USB_Host_Library\Core\Src\usbh_core.o
                0x0800418a                USBH_Start
 .text.USBH_LL_SetTimer
                0x0800419e        0x6 Middlewares\ST\STM32_USB_Host_Library\Core\Src\usbh_core.o
                0x0800419e                USBH_LL_SetTimer
 .text.USBH_LL_IncTimer
                0x080041a4       0x12 Middlewares\ST\STM32_USB_Host_Library\Core\Src\usbh_core.o
                0x080041a4                USBH_LL_IncTimer
 .text.USBH_LL_PortEnabled
                0x080041b6        0x8 Middlewares\ST\STM32_USB_Host_Library\Core\Src\usbh_core.o
                0x080041b6                USBH_LL_PortEnabled
 .text.USBH_LL_PortDisabled
                0x080041be        0x8 Middlewares\ST\STM32_USB_Host_Library\Core\Src\usbh_core.o
                0x080041be                USBH_LL_PortDisabled
 .text.USBH_IsPortEnabled
                0x080041c6        0x6 Middlewares\ST\STM32_USB_Host_Library\Core\Src\usbh_core.o
                0x080041c6                USBH_IsPortEnabled
 .text.USBH_Process
                0x080041cc      0x34c Middlewares\ST\STM32_USB_Host_Library\Core\Src\usbh_core.o
                0x080041cc                USBH_Process
 .text.USBH_Process_OS
                0x08004518       0x22 Middlewares\ST\STM32_USB_Host_Library\Core\Src\usbh_core.o
 .text.USBH_LL_Connect
                0x0800453a       0x40 Middlewares\ST\STM32_USB_Host_Library\Core\Src\usbh_core.o
                0x0800453a                USBH_LL_Connect
 *fill*         0x0800457a        0x2 
 .text.USBH_LL_Disconnect
                0x0800457c       0x60 Middlewares\ST\STM32_USB_Host_Library\Core\Src\usbh_core.o
                0x0800457c                USBH_LL_Disconnect
 .text.USBH_LL_NotifyURBChange
                0x080045dc       0x1c Middlewares\ST\STM32_USB_Host_Library\Core\Src\usbh_core.o
                0x080045dc                USBH_LL_NotifyURBChange
 .text.USBH_ParseDevDesc
                0x080045f8       0x5c Middlewares\ST\STM32_USB_Host_Library\Core\Src\usbh_ctlreq.o
 .text.USBH_ParseInterfaceDesc
                0x08004654       0x26 Middlewares\ST\STM32_USB_Host_Library\Core\Src\usbh_ctlreq.o
 .text.USBH_ParseEPDesc
                0x0800467a       0x20 Middlewares\ST\STM32_USB_Host_Library\Core\Src\usbh_ctlreq.o
 .text.USBH_ParseStringDesc
                0x0800469a       0x34 Middlewares\ST\STM32_USB_Host_Library\Core\Src\usbh_ctlreq.o
 *fill*         0x080046ce        0x2 
 .text.USBH_HandleControl
                0x080046d0      0x33c Middlewares\ST\STM32_USB_Host_Library\Core\Src\usbh_ctlreq.o
 .text.USBH_GetNextDesc
                0x08004a0c        0xe Middlewares\ST\STM32_USB_Host_Library\Core\Src\usbh_ctlreq.o
                0x08004a0c                USBH_GetNextDesc
 .text.USBH_ParseCfgDesc
                0x08004a1a       0xc2 Middlewares\ST\STM32_USB_Host_Library\Core\Src\usbh_ctlreq.o
 .text.USBH_CtlReq
                0x08004adc       0x62 Middlewares\ST\STM32_USB_Host_Library\Core\Src\usbh_ctlreq.o
                0x08004adc                USBH_CtlReq
 .text.USBH_GetDescriptor
                0x08004b3e       0x3c Middlewares\ST\STM32_USB_Host_Library\Core\Src\usbh_ctlreq.o
                0x08004b3e                USBH_GetDescriptor
 .text.USBH_Get_DevDesc
                0x08004b7a       0x32 Middlewares\ST\STM32_USB_Host_Library\Core\Src\usbh_ctlreq.o
                0x08004b7a                USBH_Get_DevDesc
 .text.USBH_Get_CfgDesc
                0x08004bac       0x32 Middlewares\ST\STM32_USB_Host_Library\Core\Src\usbh_ctlreq.o
                0x08004bac                USBH_Get_CfgDesc
 .text.USBH_Get_StringDesc
                0x08004bde       0x30 Middlewares\ST\STM32_USB_Host_Library\Core\Src\usbh_ctlreq.o
                0x08004bde                USBH_Get_StringDesc
 .text.USBH_SetAddress
                0x08004c0e       0x22 Middlewares\ST\STM32_USB_Host_Library\Core\Src\usbh_ctlreq.o
                0x08004c0e                USBH_SetAddress
 .text.USBH_SetCfg
                0x08004c30       0x22 Middlewares\ST\STM32_USB_Host_Library\Core\Src\usbh_ctlreq.o
                0x08004c30                USBH_SetCfg
 .text.USBH_SetFeature
                0x08004c52       0x22 Middlewares\ST\STM32_USB_Host_Library\Core\Src\usbh_ctlreq.o
                0x08004c52                USBH_SetFeature
 .text.USBH_ClrFeature
                0x08004c74       0x24 Middlewares\ST\STM32_USB_Host_Library\Core\Src\usbh_ctlreq.o
                0x08004c74                USBH_ClrFeature
 .text.USBH_CtlSendSetup
                0x08004c98       0x22 Middlewares\ST\STM32_USB_Host_Library\Core\Src\usbh_ioreq.o
                0x08004c98                USBH_CtlSendSetup
 .text.USBH_CtlSendData
                0x08004cba       0x2c Middlewares\ST\STM32_USB_Host_Library\Core\Src\usbh_ioreq.o
                0x08004cba                USBH_CtlSendData
 .text.USBH_CtlReceiveData
                0x08004ce6       0x20 Middlewares\ST\STM32_USB_Host_Library\Core\Src\usbh_ioreq.o
                0x08004ce6                USBH_CtlReceiveData
 .text.USBH_InterruptReceiveData
                0x08004d06       0x20 Middlewares\ST\STM32_USB_Host_Library\Core\Src\usbh_ioreq.o
                0x08004d06                USBH_InterruptReceiveData
 .text.USBH_GetFreePipe
                0x08004d26       0x24 Middlewares\ST\STM32_USB_Host_Library\Core\Src\usbh_pipes.o
 .text.USBH_OpenPipe
                0x08004d4a       0x20 Middlewares\ST\STM32_USB_Host_Library\Core\Src\usbh_pipes.o
                0x08004d4a                USBH_OpenPipe
 .text.USBH_ClosePipe
                0x08004d6a        0xa Middlewares\ST\STM32_USB_Host_Library\Core\Src\usbh_pipes.o
                0x08004d6a                USBH_ClosePipe
 .text.USBH_AllocPipe
                0x08004d74       0x22 Middlewares\ST\STM32_USB_Host_Library\Core\Src\usbh_pipes.o
                0x08004d74                USBH_AllocPipe
 .text.USBH_FreePipe
                0x08004d96       0x18 Middlewares\ST\STM32_USB_Host_Library\Core\Src\usbh_pipes.o
                0x08004d96                USBH_FreePipe
 *fill*         0x08004dae        0x2 
 .text.osKernelInitialize
                0x08004db0       0x44 Middlewares\Third_Party\FreeRTOS\Source\CMSIS_RTOS_V2\cmsis_os2.o
                0x08004db0                osKernelInitialize
 .text.osKernelStart
                0x08004df4       0x4c Middlewares\Third_Party\FreeRTOS\Source\CMSIS_RTOS_V2\cmsis_os2.o
                0x08004df4                osKernelStart
 .text.osThreadNew
                0x08004e40       0xec Middlewares\Third_Party\FreeRTOS\Source\CMSIS_RTOS_V2\cmsis_os2.o
                0x08004e40                osThreadNew
 .text.osMessageQueueNew
                0x08004f2c       0xc8 Middlewares\Third_Party\FreeRTOS\Source\CMSIS_RTOS_V2\cmsis_os2.o
                0x08004f2c                osMessageQueueNew
 .text.osMessageQueuePut
                0x08004ff4       0xa4 Middlewares\Third_Party\FreeRTOS\Source\CMSIS_RTOS_V2\cmsis_os2.o
                0x08004ff4                osMessageQueuePut
 .text.osMessageQueueGet
                0x08005098       0xa4 Middlewares\Third_Party\FreeRTOS\Source\CMSIS_RTOS_V2\cmsis_os2.o
                0x08005098                osMessageQueueGet
 .text.vApplicationGetIdleTaskMemory
                0x0800513c       0x18 Middlewares\Third_Party\FreeRTOS\Source\CMSIS_RTOS_V2\cmsis_os2.o
                0x0800513c                vApplicationGetIdleTaskMemory
 .text.vApplicationGetTimerTaskMemory
                0x08005154       0x18 Middlewares\Third_Party\FreeRTOS\Source\CMSIS_RTOS_V2\cmsis_os2.o
                0x08005154                vApplicationGetTimerTaskMemory
 .text.vListInitialise
                0x0800516c       0x16 Middlewares\Third_Party\FreeRTOS\Source\list.o
                0x0800516c                vListInitialise
 .text.vListInitialiseItem
                0x08005182        0x6 Middlewares\Third_Party\FreeRTOS\Source\list.o
                0x08005182                vListInitialiseItem
 .text.vListInsertEnd
                0x08005188       0x18 Middlewares\Third_Party\FreeRTOS\Source\list.o
                0x08005188                vListInsertEnd
 .text.vListInsert
                0x080051a0       0x34 Middlewares\Third_Party\FreeRTOS\Source\list.o
                0x080051a0                vListInsert
 .text.uxListRemove
                0x080051d4       0x28 Middlewares\Third_Party\FreeRTOS\Source\list.o
                0x080051d4                uxListRemove
 .text.prvTaskExitError
                0x080051fc       0x40 Middlewares\Third_Party\FreeRTOS\Source\portable\GCC\ARM_CM4F\port.o
 .text.prvPortStartFirstTask
                0x0800523c       0x28 Middlewares\Third_Party\FreeRTOS\Source\portable\GCC\ARM_CM4F\port.o
 .text.vPortEnableVFP
                0x08005264       0x14 Middlewares\Third_Party\FreeRTOS\Source\portable\GCC\ARM_CM4F\port.o
 .text.pxPortInitialiseStack
                0x08005278       0x2c Middlewares\Third_Party\FreeRTOS\Source\portable\GCC\ARM_CM4F\port.o
                0x08005278                pxPortInitialiseStack
 *fill*         0x080052a4        0xc 
 .text.SVC_Handler
                0x080052b0       0x24 Middlewares\Third_Party\FreeRTOS\Source\portable\GCC\ARM_CM4F\port.o
                0x080052b0                SVC_Handler
 .text.vPortEnterCritical
                0x080052d4       0x44 Middlewares\Third_Party\FreeRTOS\Source\portable\GCC\ARM_CM4F\port.o
                0x080052d4                vPortEnterCritical
 .text.vPortExitCritical
                0x08005318       0x2c Middlewares\Third_Party\FreeRTOS\Source\portable\GCC\ARM_CM4F\port.o
                0x08005318                vPortExitCritical
 *fill*         0x08005344        0xc 
 .text.PendSV_Handler
                0x08005350       0x64 Middlewares\Third_Party\FreeRTOS\Source\portable\GCC\ARM_CM4F\port.o
                0x08005350                PendSV_Handler
 .text.SysTick_Handler
                0x080053b4       0x2c Middlewares\Third_Party\FreeRTOS\Source\portable\GCC\ARM_CM4F\port.o
                0x080053b4                SysTick_Handler
 .text.vPortSetupTimerInterrupt
                0x080053e0       0x38 Middlewares\Third_Party\FreeRTOS\Source\portable\GCC\ARM_CM4F\port.o
                0x080053e0                vPortSetupTimerInterrupt
 .text.xPortStartScheduler
                0x08005418      0x110 Middlewares\Third_Party\FreeRTOS\Source\portable\GCC\ARM_CM4F\port.o
                0x08005418                xPortStartScheduler
 .text.vPortValidateInterruptPriority
                0x08005528       0x5c Middlewares\Third_Party\FreeRTOS\Source\portable\GCC\ARM_CM4F\port.o
                0x08005528                vPortValidateInterruptPriority
 .text.prvHeapInit
                0x08005584       0x64 Middlewares\Third_Party\FreeRTOS\Source\portable\MemMang\heap_4.o
 .text.prvInsertBlockIntoFreeList
                0x080055e8       0x58 Middlewares\Third_Party\FreeRTOS\Source\portable\MemMang\heap_4.o
 .text.pvPortMalloc
                0x08005640      0x110 Middlewares\Third_Party\FreeRTOS\Source\portable\MemMang\heap_4.o
                0x08005640                pvPortMalloc
 .text.vPortFree
                0x08005750       0x70 Middlewares\Third_Party\FreeRTOS\Source\portable\MemMang\heap_4.o
                0x08005750                vPortFree
 .text.prvIsQueueFull
                0x080057c0       0x1e Middlewares\Third_Party\FreeRTOS\Source\queue.o
 .text.prvIsQueueEmpty
                0x080057de       0x1a Middlewares\Third_Party\FreeRTOS\Source\queue.o
 .text.prvCopyDataToQueue
                0x080057f8       0x76 Middlewares\Third_Party\FreeRTOS\Source\queue.o
 .text.prvCopyDataFromQueue
                0x0800586e       0x24 Middlewares\Third_Party\FreeRTOS\Source\queue.o
 .text.prvUnlockQueue
                0x08005892       0x6e Middlewares\Third_Party\FreeRTOS\Source\queue.o
 .text.xQueueGenericReset
                0x08005900       0x80 Middlewares\Third_Party\FreeRTOS\Source\queue.o
                0x08005900                xQueueGenericReset
 .text.prvInitialiseNewQueue
                0x08005980       0x22 Middlewares\Third_Party\FreeRTOS\Source\queue.o
 .text.xQueueGenericCreateStatic
                0x080059a2       0xa0 Middlewares\Third_Party\FreeRTOS\Source\queue.o
                0x080059a2                xQueueGenericCreateStatic
 .text.xQueueGenericCreate
                0x08005a42       0x4e Middlewares\Third_Party\FreeRTOS\Source\queue.o
                0x08005a42                xQueueGenericCreate
 .text.xQueueGenericSend
                0x08005a90      0x188 Middlewares\Third_Party\FreeRTOS\Source\queue.o
                0x08005a90                xQueueGenericSend
 .text.xQueueGenericSendFromISR
                0x08005c18       0xde Middlewares\Third_Party\FreeRTOS\Source\queue.o
                0x08005c18                xQueueGenericSendFromISR
 *fill*         0x08005cf6        0x2 
 .text.xQueueReceive
                0x08005cf8      0x15c Middlewares\Third_Party\FreeRTOS\Source\queue.o
                0x08005cf8                xQueueReceive
 .text.xQueueReceiveFromISR
                0x08005e54       0xb6 Middlewares\Third_Party\FreeRTOS\Source\queue.o
                0x08005e54                xQueueReceiveFromISR
 *fill*         0x08005f0a        0x2 
 .text.vQueueAddToRegistry
                0x08005f0c       0x28 Middlewares\Third_Party\FreeRTOS\Source\queue.o
                0x08005f0c                vQueueAddToRegistry
 .text.vQueueWaitForMessageRestricted
                0x08005f34       0x52 Middlewares\Third_Party\FreeRTOS\Source\queue.o
                0x08005f34                vQueueWaitForMessageRestricted
 *fill*         0x08005f86        0x2 
 .text.prvResetNextTaskUnblockTime
                0x08005f88       0x34 Middlewares\Third_Party\FreeRTOS\Source\tasks.o
 .text.prvInitialiseNewTask
                0x08005fbc       0x94 Middlewares\Third_Party\FreeRTOS\Source\tasks.o
 .text.prvInitialiseTaskLists
                0x08006050       0x68 Middlewares\Third_Party\FreeRTOS\Source\tasks.o
 .text.prvAddNewTaskToReadyList
                0x080060b8       0xac Middlewares\Third_Party\FreeRTOS\Source\tasks.o
 .text.prvDeleteTCB
                0x08006164       0x3a Middlewares\Third_Party\FreeRTOS\Source\tasks.o
 *fill*         0x0800619e        0x2 
 .text.prvCheckTasksWaitingTermination
                0x080061a0       0x4c Middlewares\Third_Party\FreeRTOS\Source\tasks.o
 .text.prvIdleTask
                0x080061ec       0x28 Middlewares\Third_Party\FreeRTOS\Source\tasks.o
 .text.prvAddCurrentTaskToDelayedList
                0x08006214       0x7c Middlewares\Third_Party\FreeRTOS\Source\tasks.o
 .text.xTaskCreateStatic
                0x08006290       0x72 Middlewares\Third_Party\FreeRTOS\Source\tasks.o
                0x08006290                xTaskCreateStatic
 .text.xTaskCreate
                0x08006302       0x66 Middlewares\Third_Party\FreeRTOS\Source\tasks.o
                0x08006302                xTaskCreate
 .text.vTaskStartScheduler
                0x08006368       0xa0 Middlewares\Third_Party\FreeRTOS\Source\tasks.o
                0x08006368                vTaskStartScheduler
 .text.vTaskSuspendAll
                0x08006408       0x10 Middlewares\Third_Party\FreeRTOS\Source\tasks.o
                0x08006408                vTaskSuspendAll
 .text.xTaskGetTickCount
                0x08006418        0xc Middlewares\Third_Party\FreeRTOS\Source\tasks.o
                0x08006418                xTaskGetTickCount
 .text.xTaskIncrementTick
                0x08006424      0x120 Middlewares\Third_Party\FreeRTOS\Source\tasks.o
                0x08006424                xTaskIncrementTick
 .text.xTaskResumeAll
                0x08006544       0xfc Middlewares\Third_Party\FreeRTOS\Source\tasks.o
                0x08006544                xTaskResumeAll
 .text.vTaskDelay
                0x08006640       0x50 Middlewares\Third_Party\FreeRTOS\Source\tasks.o
                0x08006640                vTaskDelay
 .text.vTaskSwitchContext
                0x08006690       0xfc Middlewares\Third_Party\FreeRTOS\Source\tasks.o
                0x08006690                vTaskSwitchContext
 .text.vTaskPlaceOnEventList
                0x0800678c       0x30 Middlewares\Third_Party\FreeRTOS\Source\tasks.o
                0x0800678c                vTaskPlaceOnEventList
 .text.vTaskPlaceOnEventListRestricted
                0x080067bc       0x38 Middlewares\Third_Party\FreeRTOS\Source\tasks.o
                0x080067bc                vTaskPlaceOnEventListRestricted
 .text.xTaskRemoveFromEventList
                0x080067f4       0x8c Middlewares\Third_Party\FreeRTOS\Source\tasks.o
                0x080067f4                xTaskRemoveFromEventList
 .text.vTaskInternalSetTimeOutState
                0x08006880       0x18 Middlewares\Third_Party\FreeRTOS\Source\tasks.o
                0x08006880                vTaskInternalSetTimeOutState
 .text.xTaskCheckForTimeOut
                0x08006898       0x80 Middlewares\Third_Party\FreeRTOS\Source\tasks.o
                0x08006898                xTaskCheckForTimeOut
 .text.vTaskMissedYield
                0x08006918        0xc Middlewares\Third_Party\FreeRTOS\Source\tasks.o
                0x08006918                vTaskMissedYield
 .text.xTaskGetSchedulerState
                0x08006924       0x20 Middlewares\Third_Party\FreeRTOS\Source\tasks.o
                0x08006924                xTaskGetSchedulerState
 .text.xTaskPriorityDisinherit
                0x08006944       0x90 Middlewares\Third_Party\FreeRTOS\Source\tasks.o
                0x08006944                xTaskPriorityDisinherit
 .text.prvGetNextExpireTime
                0x080069d4       0x20 Middlewares\Third_Party\FreeRTOS\Source\timers.o
 .text.prvInsertTimerInActiveList
                0x080069f4       0x48 Middlewares\Third_Party\FreeRTOS\Source\timers.o
 .text.prvCheckForValidListAndQueue
                0x08006a3c       0x70 Middlewares\Third_Party\FreeRTOS\Source\timers.o
 .text.xTimerCreateTimerTask
                0x08006aac       0x70 Middlewares\Third_Party\FreeRTOS\Source\timers.o
                0x08006aac                xTimerCreateTimerTask
 .text.xTimerGenericCommand
                0x08006b1c       0x6c Middlewares\Third_Party\FreeRTOS\Source\timers.o
                0x08006b1c                xTimerGenericCommand
 .text.prvSwitchTimerLists
                0x08006b88       0x78 Middlewares\Third_Party\FreeRTOS\Source\timers.o
 .text.prvSampleTimeNow
                0x08006c00       0x2c Middlewares\Third_Party\FreeRTOS\Source\timers.o
 .text.prvProcessExpiredTimer
                0x08006c2c       0x60 Middlewares\Third_Party\FreeRTOS\Source\timers.o
 .text.prvProcessTimerOrBlockTask
                0x08006c8c       0x74 Middlewares\Third_Party\FreeRTOS\Source\timers.o
 .text.prvProcessReceivedCommands
                0x08006d00       0xe8 Middlewares\Third_Party\FreeRTOS\Source\timers.o
 .text.prvTimerTask
                0x08006de8       0x1a Middlewares\Third_Party\FreeRTOS\Source\timers.o
 *fill*         0x08006e02        0x2 
 .text.configureTimerForRunTimeStats
                0x08006e04        0xc Src\freertos.o
                0x08006e04                configureTimerForRunTimeStats
 .text.getRunTimeCounterValue
                0x08006e10        0xc Src\freertos.o
                0x08006e10                getRunTimeCounterValue
 .text.vApplicationStackOverflowHook
                0x08006e1c       0x10 Src\freertos.o
                0x08006e1c                vApplicationStackOverflowHook
 .text.vApplicationMallocFailedHook
                0x08006e2c       0x10 Src\freertos.o
                0x08006e2c                vApplicationMallocFailedHook
 .text.vApplicationDaemonTaskStartupHook
                0x08006e3c       0x10 Src\freertos.o
                0x08006e3c                vApplicationDaemonTaskStartupHook
 .text.MX_GPIO_Init
                0x08006e4c       0xc4 Src\main.o
 .text.MX_TIM4_Init
                0x08006f10       0x7c Src\main.o
 .text.StartDefaultTask
                0x08006f8c        0xa Src\main.o
                0x08006f8c                StartDefaultTask
 *fill*         0x08006f96        0x2 
 .text.SystemClock_Config
                0x08006f98       0x98 Src\main.o
                0x08006f98                SystemClock_Config
 .text.main     0x08007030       0x68 Src\main.o
                0x08007030                main
 .text.USBH_HID_EventCallback
                0x08007098       0x54 Src\main.o
                0x08007098                USBH_HID_EventCallback
 .text.HAL_TIM_PeriodElapsedCallback
                0x080070ec       0x30 Src\main.o
                0x080070ec                HAL_TIM_PeriodElapsedCallback
 .text.Error_Handler
                0x0800711c        0x2 Src\main.o
                0x0800711c                Error_Handler
 .text.assert_failed
                0x0800711e        0x2 Src\main.o
                0x0800711e                assert_failed
 .text.HAL_MspInit
                0x08007120       0x44 Src\stm32f4xx_hal_msp.o
                0x08007120                HAL_MspInit
 .text.HAL_TIM_Base_MspInit
                0x08007164       0x40 Src\stm32f4xx_hal_msp.o
                0x08007164                HAL_TIM_Base_MspInit
 .text.HAL_InitTick
                0x080071a4       0x7c Src\stm32f4xx_hal_timebase_tim.o
                0x080071a4                HAL_InitTick
 .text.NMI_Handler
                0x08007220        0x2 Src\stm32f4xx_it.o
                0x08007220                NMI_Handler
 *fill*         0x08007222        0x2 
 .text.HardFault_Handler
                0x08007224       0x10 Src\stm32f4xx_it.o
                0x08007224                HardFault_Handler
 .text.MemManage_Handler
                0x08007234       0x10 Src\stm32f4xx_it.o
                0x08007234                MemManage_Handler
 .text.BusFault_Handler
                0x08007244       0x10 Src\stm32f4xx_it.o
                0x08007244                BusFault_Handler
 .text.UsageFault_Handler
                0x08007254       0x10 Src\stm32f4xx_it.o
                0x08007254                UsageFault_Handler
 .text.DebugMon_Handler
                0x08007264       0x10 Src\stm32f4xx_it.o
                0x08007264                DebugMon_Handler
 .text.TIM4_IRQHandler
                0x08007274       0x10 Src\stm32f4xx_it.o
                0x08007274                TIM4_IRQHandler
 .text.TIM8_TRG_COM_TIM14_IRQHandler
                0x08007284       0x10 Src\stm32f4xx_it.o
                0x08007284                TIM8_TRG_COM_TIM14_IRQHandler
 .text.OTG_FS_IRQHandler
                0x08007294       0x10 Src\stm32f4xx_it.o
                0x08007294                OTG_FS_IRQHandler
 .text._read    0x080072a4       0x1e Src\syscalls.o
                0x080072a4                _read
 .text._write   0x080072c2       0x48 Src\syscalls.o
                0x080072c2                _write
 *fill*         0x0800730a        0x2 
 .text._sbrk    0x0800730c       0x3c Src\syscalls.o
                0x0800730c                _sbrk
 .text._close   0x08007348        0x6 Src\syscalls.o
                0x08007348                _close
 .text._fstat   0x0800734e        0xa Src\syscalls.o
                0x0800734e                _fstat
 .text._isatty  0x08007358        0x4 Src\syscalls.o
                0x08007358                _isatty
 .text._lseek   0x0800735c        0x4 Src\syscalls.o
                0x0800735c                _lseek
 .text.SystemInit
                0x08007360       0x4c Src\system_stm32f4xx.o
                0x08007360                SystemInit
 .text.USBH_UserProcess
                0x080073ac       0x78 Src\usb_host.o
 .text.MX_USB_HOST_Init
                0x08007424       0x4c Src\usb_host.o
                0x08007424                MX_USB_HOST_Init
 .text.HAL_HCD_MspInit
                0x08007470       0x84 Src\usbh_conf.o
                0x08007470                HAL_HCD_MspInit
 .text.HAL_HCD_SOF_Callback
                0x080074f4        0xc Src\usbh_conf.o
                0x080074f4                HAL_HCD_SOF_Callback
 .text.HAL_HCD_Connect_Callback
                0x08007500        0xc Src\usbh_conf.o
                0x08007500                HAL_HCD_Connect_Callback
 .text.HAL_HCD_Disconnect_Callback
                0x0800750c        0xc Src\usbh_conf.o
                0x0800750c                HAL_HCD_Disconnect_Callback
 .text.HAL_HCD_HC_NotifyURBChange_Callback
                0x08007518        0xc Src\usbh_conf.o
                0x08007518                HAL_HCD_HC_NotifyURBChange_Callback
 .text.HAL_HCD_PortEnabled_Callback
                0x08007524        0xc Src\usbh_conf.o
                0x08007524                HAL_HCD_PortEnabled_Callback
 .text.HAL_HCD_PortDisabled_Callback
                0x08007530        0xc Src\usbh_conf.o
                0x08007530                HAL_HCD_PortDisabled_Callback
 .text.USBH_LL_Init
                0x0800753c       0x54 Src\usbh_conf.o
                0x0800753c                USBH_LL_Init
 .text.USBH_LL_GetSpeed
                0x08007590       0x1c Src\usbh_conf.o
                0x08007590                USBH_LL_GetSpeed
 .text.USBH_LL_GetURBState
                0x080075ac        0xc Src\usbh_conf.o
                0x080075ac                USBH_LL_GetURBState
 .text.USBH_LL_DriverVBUS
                0x080075b8       0x1c Src\usbh_conf.o
                0x080075b8                USBH_LL_DriverVBUS
 .text.USBH_LL_SetToggle
                0x080075d4       0x32 Src\usbh_conf.o
                0x080075d4                USBH_LL_SetToggle
 .text.USBH_Delay
                0x08007606        0x8 Src\usbh_conf.o
                0x08007606                USBH_Delay
 .text.USBH_Get_USB_Status
                0x0800760e       0x12 Src\usbh_conf.o
                0x0800760e                USBH_Get_USB_Status
 .text.USBH_LL_Start
                0x08007620       0x10 Src\usbh_conf.o
                0x08007620                USBH_LL_Start
 .text.USBH_LL_Stop
                0x08007630       0x10 Src\usbh_conf.o
                0x08007630                USBH_LL_Stop
 .text.USBH_LL_ResetPort
                0x08007640       0x10 Src\usbh_conf.o
                0x08007640                USBH_LL_ResetPort
 .text.USBH_LL_OpenPipe
                0x08007650       0x26 Src\usbh_conf.o
                0x08007650                USBH_LL_OpenPipe
 .text.USBH_LL_ClosePipe
                0x08007676       0x10 Src\usbh_conf.o
                0x08007676                USBH_LL_ClosePipe
 .text.USBH_LL_SubmitURB
                0x08007686       0x2a Src\usbh_conf.o
                0x08007686                USBH_LL_SubmitURB
 .text.MX_DriverVbusFS
                0x080076b0       0x18 Src\usbh_platform.o
                0x080076b0                MX_DriverVbusFS
 .text.Reset_Handler
                0x080076c8       0x50 startup\startup_stm32f407xx.o
                0x080076c8                Reset_Handler
 .text.Default_Handler
                0x08007718        0x2 startup\startup_stm32f407xx.o
                0x08007718                RTC_Alarm_IRQHandler
                0x08007718                HASH_RNG_IRQHandler
                0x08007718                EXTI2_IRQHandler
                0x08007718                TIM8_CC_IRQHandler
                0x08007718                TIM1_CC_IRQHandler
                0x08007718                DMA2_Stream5_IRQHandler
                0x08007718                DMA1_Stream5_IRQHandler
                0x08007718                PVD_IRQHandler
                0x08007718                SDIO_IRQHandler
                0x08007718                TAMP_STAMP_IRQHandler
                0x08007718                CAN2_RX1_IRQHandler
                0x08007718                EXTI3_IRQHandler
                0x08007718                TIM1_UP_TIM10_IRQHandler
                0x08007718                TIM8_UP_TIM13_IRQHandler
                0x08007718                I2C3_ER_IRQHandler
                0x08007718                EXTI0_IRQHandler
                0x08007718                I2C2_EV_IRQHandler
                0x08007718                DMA1_Stream2_IRQHandler
                0x08007718                CAN1_RX0_IRQHandler
                0x08007718                FPU_IRQHandler
                0x08007718                OTG_HS_WKUP_IRQHandler
                0x08007718                CAN2_SCE_IRQHandler
                0x08007718                DMA2_Stream2_IRQHandler
                0x08007718                SPI1_IRQHandler
                0x08007718                TIM6_DAC_IRQHandler
                0x08007718                TIM1_BRK_TIM9_IRQHandler
                0x08007718                DCMI_IRQHandler
                0x08007718                CAN2_RX0_IRQHandler
                0x08007718                DMA2_Stream3_IRQHandler
                0x08007718                USART6_IRQHandler
                0x08007718                USART3_IRQHandler
                0x08007718                CAN1_RX1_IRQHandler
                0x08007718                UART5_IRQHandler
                0x08007718                DMA2_Stream0_IRQHandler
                0x08007718                I2C1_EV_IRQHandler
                0x08007718                DMA1_Stream6_IRQHandler
                0x08007718                DMA1_Stream1_IRQHandler
                0x08007718                UART4_IRQHandler
                0x08007718                TIM3_IRQHandler
                0x08007718                RCC_IRQHandler
                0x08007718                TIM8_BRK_TIM12_IRQHandler
                0x08007718                Default_Handler
                0x08007718                EXTI15_10_IRQHandler
                0x08007718                ADC_IRQHandler
                0x08007718                DMA1_Stream7_IRQHandler
                0x08007718                TIM7_IRQHandler
                0x08007718                CAN2_TX_IRQHandler
                0x08007718                TIM5_IRQHandler
                0x08007718                DMA2_Stream7_IRQHandler
                0x08007718                I2C3_EV_IRQHandler
                0x08007718                EXTI9_5_IRQHandler
                0x08007718                RTC_WKUP_IRQHandler
                0x08007718                ETH_WKUP_IRQHandler
                0x08007718                SPI2_IRQHandler
                0x08007718                OTG_HS_EP1_IN_IRQHandler
                0x08007718                DMA1_Stream0_IRQHandler
                0x08007718                CAN1_TX_IRQHandler
                0x08007718                EXTI4_IRQHandler
                0x08007718                FSMC_IRQHandler
                0x08007718                ETH_IRQHandler
                0x08007718                OTG_HS_EP1_OUT_IRQHandler
                0x08007718                WWDG_IRQHandler
                0x08007718                TIM2_IRQHandler
                0x08007718                OTG_FS_WKUP_IRQHandler
                0x08007718                TIM1_TRG_COM_TIM11_IRQHandler
                0x08007718                OTG_HS_IRQHandler
                0x08007718                EXTI1_IRQHandler
                0x08007718                USART2_IRQHandler
                0x08007718                I2C2_ER_IRQHandler
                0x08007718                DMA2_Stream1_IRQHandler
                0x08007718                CAN1_SCE_IRQHandler
                0x08007718                FLASH_IRQHandler
                0x08007718                DMA2_Stream4_IRQHandler
                0x08007718                USART1_IRQHandler
                0x08007718                SPI3_IRQHandler
                0x08007718                DMA1_Stream4_IRQHandler
                0x08007718                I2C1_ER_IRQHandler
                0x08007718                DMA2_Stream6_IRQHandler
                0x08007718                DMA1_Stream3_IRQHandler
 *fill*         0x0800771a        0x2 
 .text.__errno  0x0800771c        0xc c:/program files (x86)/atollic/truestudio for stm32 9.3.0/armtools/bin/../lib/gcc/arm-atollic-eabi/6.3.1/../../../../arm-atollic-eabi/lib/armv7e-m/fpu\libc_nano.a(lib_a-errno.o)
                0x0800771c                __errno
 .text.__libc_init_array
                0x08007728       0x48 c:/program files (x86)/atollic/truestudio for stm32 9.3.0/armtools/bin/../lib/gcc/arm-atollic-eabi/6.3.1/../../../../arm-atollic-eabi/lib/armv7e-m/fpu\libc_nano.a(lib_a-init.o)
                0x08007728                __libc_init_array
 .text.free     0x08007770       0x10 c:/program files (x86)/atollic/truestudio for stm32 9.3.0/armtools/bin/../lib/gcc/arm-atollic-eabi/6.3.1/../../../../arm-atollic-eabi/lib/armv7e-m/fpu\libc_nano.a(lib_a-malloc.o)
                0x08007770                free
 .text.memcpy   0x08007780       0x16 c:/program files (x86)/atollic/truestudio for stm32 9.3.0/armtools/bin/../lib/gcc/arm-atollic-eabi/6.3.1/../../../../arm-atollic-eabi/lib/armv7e-m/fpu\libc_nano.a(lib_a-memcpy-stub.o)
                0x08007780                memcpy
 .text.memset   0x08007796       0x10 c:/program files (x86)/atollic/truestudio for stm32 9.3.0/armtools/bin/../lib/gcc/arm-atollic-eabi/6.3.1/../../../../arm-atollic-eabi/lib/armv7e-m/fpu\libc_nano.a(lib_a-memset.o)
                0x08007796                memset
 *fill*         0x080077a6        0x2 
 .text._free_r  0x080077a8       0x9c c:/program files (x86)/atollic/truestudio for stm32 9.3.0/armtools/bin/../lib/gcc/arm-atollic-eabi/6.3.1/../../../../arm-atollic-eabi/lib/armv7e-m/fpu\libc_nano.a(lib_a-nano-freer.o)
                0x080077a8                _free_r
 .text._malloc_r
                0x08007844       0xbc c:/program files (x86)/atollic/truestudio for stm32 9.3.0/armtools/bin/../lib/gcc/arm-atollic-eabi/6.3.1/../../../../arm-atollic-eabi/lib/armv7e-m/fpu\libc_nano.a(lib_a-nano-mallocr.o)
                0x08007844                _malloc_r
 .text.printf   0x08007900       0x30 c:/program files (x86)/atollic/truestudio for stm32 9.3.0/armtools/bin/../lib/gcc/arm-atollic-eabi/6.3.1/../../../../arm-atollic-eabi/lib/armv7e-m/fpu\libc_nano.a(lib_a-printf.o)
                0x08007900                iprintf
                0x08007900                printf
 .text.putchar  0x08007930       0x28 c:/program files (x86)/atollic/truestudio for stm32 9.3.0/armtools/bin/../lib/gcc/arm-atollic-eabi/6.3.1/../../../../arm-atollic-eabi/lib/armv7e-m/fpu\libc_nano.a(lib_a-putchar.o)
                0x08007930                putchar
 .text._puts_r  0x08007958       0xb8 c:/program files (x86)/atollic/truestudio for stm32 9.3.0/armtools/bin/../lib/gcc/arm-atollic-eabi/6.3.1/../../../../arm-atollic-eabi/lib/armv7e-m/fpu\libc_nano.a(lib_a-puts.o)
                0x08007958                _puts_r
 .text.puts     0x08007a10       0x10 c:/program files (x86)/atollic/truestudio for stm32 9.3.0/armtools/bin/../lib/gcc/arm-atollic-eabi/6.3.1/../../../../arm-atollic-eabi/lib/armv7e-m/fpu\libc_nano.a(lib_a-puts.o)
                0x08007a10                puts
 .text._sbrk_r  0x08007a20       0x20 c:/program files (x86)/atollic/truestudio for stm32 9.3.0/armtools/bin/../lib/gcc/arm-atollic-eabi/6.3.1/../../../../arm-atollic-eabi/lib/armv7e-m/fpu\libc_nano.a(lib_a-sbrkr.o)
                0x08007a20                _sbrk_r
 .text.__swbuf_r
                0x08007a40       0xa4 c:/program files (x86)/atollic/truestudio for stm32 9.3.0/armtools/bin/../lib/gcc/arm-atollic-eabi/6.3.1/../../../../arm-atollic-eabi/lib/armv7e-m/fpu\libc_nano.a(lib_a-wbuf.o)
                0x08007a40                __swbuf_r
 .text.__swsetup_r
                0x08007ae4       0xdc c:/program files (x86)/atollic/truestudio for stm32 9.3.0/armtools/bin/../lib/gcc/arm-atollic-eabi/6.3.1/../../../../arm-atollic-eabi/lib/armv7e-m/fpu\libc_nano.a(lib_a-wsetup.o)
                0x08007ae4                __swsetup_r
 .text.__sflush_r
                0x08007bc0      0x110 c:/program files (x86)/atollic/truestudio for stm32 9.3.0/armtools/bin/../lib/gcc/arm-atollic-eabi/6.3.1/../../../../arm-atollic-eabi/lib/armv7e-m/fpu\libc_nano.a(lib_a-fflush.o)
                0x08007bc0                __sflush_r
 .text._fflush_r
                0x08007cd0       0x54 c:/program files (x86)/atollic/truestudio for stm32 9.3.0/armtools/bin/../lib/gcc/arm-atollic-eabi/6.3.1/../../../../arm-atollic-eabi/lib/armv7e-m/fpu\libc_nano.a(lib_a-fflush.o)
                0x08007cd0                _fflush_r
 .text._cleanup_r
                0x08007d24        0xc c:/program files (x86)/atollic/truestudio for stm32 9.3.0/armtools/bin/../lib/gcc/arm-atollic-eabi/6.3.1/../../../../arm-atollic-eabi/lib/armv7e-m/fpu\libc_nano.a(lib_a-findfp.o)
                0x08007d24                _cleanup_r
 .text.std.isra.0
                0x08007d30       0x48 c:/program files (x86)/atollic/truestudio for stm32 9.3.0/armtools/bin/../lib/gcc/arm-atollic-eabi/6.3.1/../../../../arm-atollic-eabi/lib/armv7e-m/fpu\libc_nano.a(lib_a-findfp.o)
 .text.__sfmoreglue
                0x08007d78       0x2c c:/program files (x86)/atollic/truestudio for stm32 9.3.0/armtools/bin/../lib/gcc/arm-atollic-eabi/6.3.1/../../../../arm-atollic-eabi/lib/armv7e-m/fpu\libc_nano.a(lib_a-findfp.o)
                0x08007d78                __sfmoreglue
 .text.__sinit  0x08007da4       0x60 c:/program files (x86)/atollic/truestudio for stm32 9.3.0/armtools/bin/../lib/gcc/arm-atollic-eabi/6.3.1/../../../../arm-atollic-eabi/lib/armv7e-m/fpu\libc_nano.a(lib_a-findfp.o)
                0x08007da4                __sinit
 .text.__sfp    0x08007e04       0x78 c:/program files (x86)/atollic/truestudio for stm32 9.3.0/armtools/bin/../lib/gcc/arm-atollic-eabi/6.3.1/../../../../arm-atollic-eabi/lib/armv7e-m/fpu\libc_nano.a(lib_a-findfp.o)
                0x08007e04                __sfp
 .text._fwalk_reent
                0x08007e7c       0x3c c:/program files (x86)/atollic/truestudio for stm32 9.3.0/armtools/bin/../lib/gcc/arm-atollic-eabi/6.3.1/../../../../arm-atollic-eabi/lib/armv7e-m/fpu\libc_nano.a(lib_a-fwalk.o)
                0x08007e7c                _fwalk_reent
 .text.__swhatbuf_r
                0x08007eb8       0x48 c:/program files (x86)/atollic/truestudio for stm32 9.3.0/armtools/bin/../lib/gcc/arm-atollic-eabi/6.3.1/../../../../arm-atollic-eabi/lib/armv7e-m/fpu\libc_nano.a(lib_a-makebuf.o)
                0x08007eb8                __swhatbuf_r
 .text.__smakebuf_r
                0x08007f00       0x80 c:/program files (x86)/atollic/truestudio for stm32 9.3.0/armtools/bin/../lib/gcc/arm-atollic-eabi/6.3.1/../../../../arm-atollic-eabi/lib/armv7e-m/fpu\libc_nano.a(lib_a-makebuf.o)
                0x08007f00                __smakebuf_r
 .text.__malloc_lock
                0x08007f80        0x2 c:/program files (x86)/atollic/truestudio for stm32 9.3.0/armtools/bin/../lib/gcc/arm-atollic-eabi/6.3.1/../../../../arm-atollic-eabi/lib/armv7e-m/fpu\libc_nano.a(lib_a-mlock.o)
                0x08007f80                __malloc_lock
 .text.__malloc_unlock
                0x08007f82        0x2 c:/program files (x86)/atollic/truestudio for stm32 9.3.0/armtools/bin/../lib/gcc/arm-atollic-eabi/6.3.1/../../../../arm-atollic-eabi/lib/armv7e-m/fpu\libc_nano.a(lib_a-mlock.o)
                0x08007f82                __malloc_unlock
 .text.__sfputc_r
                0x08007f84       0x30 c:/program files (x86)/atollic/truestudio for stm32 9.3.0/armtools/bin/../lib/gcc/arm-atollic-eabi/6.3.1/../../../../arm-atollic-eabi/lib/armv7e-m/fpu\libc_nano.a(lib_a-nano-vfprintf.o)
 .text.__sfputs_r
                0x08007fb4       0x24 c:/program files (x86)/atollic/truestudio for stm32 9.3.0/armtools/bin/../lib/gcc/arm-atollic-eabi/6.3.1/../../../../arm-atollic-eabi/lib/armv7e-m/fpu\libc_nano.a(lib_a-nano-vfprintf.o)
                0x08007fb4                __sfputs_r
 .text._vfprintf_r
                0x08007fd8      0x22c c:/program files (x86)/atollic/truestudio for stm32 9.3.0/armtools/bin/../lib/gcc/arm-atollic-eabi/6.3.1/../../../../arm-atollic-eabi/lib/armv7e-m/fpu\libc_nano.a(lib_a-nano-vfprintf.o)
                0x08007fd8                _vfprintf_r
                0x08007fd8                _vfiprintf_r
 .text._printf_common
                0x08008204       0xec c:/program files (x86)/atollic/truestudio for stm32 9.3.0/armtools/bin/../lib/gcc/arm-atollic-eabi/6.3.1/../../../../arm-atollic-eabi/lib/armv7e-m/fpu\libc_nano.a(lib_a-nano-vfprintf_i.o)
                0x08008204                _printf_common
 .text._printf_i
                0x080082f0      0x240 c:/program files (x86)/atollic/truestudio for stm32 9.3.0/armtools/bin/../lib/gcc/arm-atollic-eabi/6.3.1/../../../../arm-atollic-eabi/lib/armv7e-m/fpu\libc_nano.a(lib_a-nano-vfprintf_i.o)
                0x080082f0                _printf_i
 .text._putc_r  0x08008530       0x6c c:/program files (x86)/atollic/truestudio for stm32 9.3.0/armtools/bin/../lib/gcc/arm-atollic-eabi/6.3.1/../../../../arm-atollic-eabi/lib/armv7e-m/fpu\libc_nano.a(lib_a-putc.o)
                0x08008530                _putc_r
 .text.__sread  0x0800859c       0x22 c:/program files (x86)/atollic/truestudio for stm32 9.3.0/armtools/bin/../lib/gcc/arm-atollic-eabi/6.3.1/../../../../arm-atollic-eabi/lib/armv7e-m/fpu\libc_nano.a(lib_a-stdio.o)
                0x0800859c                __sread
 .text.__swrite
                0x080085be       0x38 c:/program files (x86)/atollic/truestudio for stm32 9.3.0/armtools/bin/../lib/gcc/arm-atollic-eabi/6.3.1/../../../../arm-atollic-eabi/lib/armv7e-m/fpu\libc_nano.a(lib_a-stdio.o)
                0x080085be                __swrite
 .text.__sseek  0x080085f6       0x24 c:/program files (x86)/atollic/truestudio for stm32 9.3.0/armtools/bin/../lib/gcc/arm-atollic-eabi/6.3.1/../../../../arm-atollic-eabi/lib/armv7e-m/fpu\libc_nano.a(lib_a-stdio.o)
                0x080085f6                __sseek
 .text.__sclose
                0x0800861a        0x8 c:/program files (x86)/atollic/truestudio for stm32 9.3.0/armtools/bin/../lib/gcc/arm-atollic-eabi/6.3.1/../../../../arm-atollic-eabi/lib/armv7e-m/fpu\libc_nano.a(lib_a-stdio.o)
                0x0800861a                __sclose
 *fill*         0x08008622        0x2 
 .text._write_r
                0x08008624       0x24 c:/program files (x86)/atollic/truestudio for stm32 9.3.0/armtools/bin/../lib/gcc/arm-atollic-eabi/6.3.1/../../../../arm-atollic-eabi/lib/armv7e-m/fpu\libc_nano.a(lib_a-writer.o)
                0x08008624                _write_r
 .text._close_r
                0x08008648       0x20 c:/program files (x86)/atollic/truestudio for stm32 9.3.0/armtools/bin/../lib/gcc/arm-atollic-eabi/6.3.1/../../../../arm-atollic-eabi/lib/armv7e-m/fpu\libc_nano.a(lib_a-closer.o)
                0x08008648                _close_r
 .text._fstat_r
                0x08008668       0x24 c:/program files (x86)/atollic/truestudio for stm32 9.3.0/armtools/bin/../lib/gcc/arm-atollic-eabi/6.3.1/../../../../arm-atollic-eabi/lib/armv7e-m/fpu\libc_nano.a(lib_a-fstatr.o)
                0x08008668                _fstat_r
 .text._isatty_r
                0x0800868c       0x20 c:/program files (x86)/atollic/truestudio for stm32 9.3.0/armtools/bin/../lib/gcc/arm-atollic-eabi/6.3.1/../../../../arm-atollic-eabi/lib/armv7e-m/fpu\libc_nano.a(lib_a-isattyr.o)
                0x0800868c                _isatty_r
 .text._lseek_r
                0x080086ac       0x24 c:/program files (x86)/atollic/truestudio for stm32 9.3.0/armtools/bin/../lib/gcc/arm-atollic-eabi/6.3.1/../../../../arm-atollic-eabi/lib/armv7e-m/fpu\libc_nano.a(lib_a-lseekr.o)
                0x080086ac                _lseek_r
 .text._read_r  0x080086d0       0x24 c:/program files (x86)/atollic/truestudio for stm32 9.3.0/armtools/bin/../lib/gcc/arm-atollic-eabi/6.3.1/../../../../arm-atollic-eabi/lib/armv7e-m/fpu\libc_nano.a(lib_a-readr.o)
                0x080086d0                _read_r
 *(.glue_7)
 .glue_7        0x080086f4        0x0 linker stubs
 *(.glue_7t)
 .glue_7t       0x080086f4        0x0 linker stubs
 *(.eh_frame)
 .eh_frame      0x080086f4        0x0 c:/program files (x86)/atollic/truestudio for stm32 9.3.0/armtools/bin/../lib/gcc/arm-atollic-eabi/6.3.1/armv7e-m/fpu/crtbegin.o
 *(.init)
 .init          0x080086f4        0x4 c:/program files (x86)/atollic/truestudio for stm32 9.3.0/armtools/bin/../lib/gcc/arm-atollic-eabi/6.3.1/armv7e-m/fpu/crti.o
                0x080086f4                _init
 .init          0x080086f8        0x8 c:/program files (x86)/atollic/truestudio for stm32 9.3.0/armtools/bin/../lib/gcc/arm-atollic-eabi/6.3.1/armv7e-m/fpu/crtn.o
 *(.fini)
 .fini          0x08008700        0x4 c:/program files (x86)/atollic/truestudio for stm32 9.3.0/armtools/bin/../lib/gcc/arm-atollic-eabi/6.3.1/armv7e-m/fpu/crti.o
                0x08008700                _fini
 .fini          0x08008704        0x8 c:/program files (x86)/atollic/truestudio for stm32 9.3.0/armtools/bin/../lib/gcc/arm-atollic-eabi/6.3.1/armv7e-m/fpu/crtn.o
                0x0800870c                . = ALIGN (0x4)
                0x0800870c                _etext = .

.vfp11_veneer   0x0800870c        0x0
 .vfp11_veneer  0x0800870c        0x0 linker stubs

.v4_bx          0x0800870c        0x0
 .v4_bx         0x0800870c        0x0 linker stubs

.iplt           0x0800870c        0x0
 .iplt          0x0800870c        0x0 c:/program files (x86)/atollic/truestudio for stm32 9.3.0/armtools/bin/../lib/gcc/arm-atollic-eabi/6.3.1/armv7e-m/fpu/crtbegin.o

.rodata         0x0800870c      0xa44
                0x0800870c                . = ALIGN (0x4)
 *(.rodata)
 *(.rodata*)
 .rodata.HAL_NVIC_SetPriorityGrouping.str1.4
                0x0800870c       0x3b Drivers\STM32F4xx_HAL_Driver\Src\stm32f4xx_hal_cortex.o
 *fill*         0x08008747        0x1 
 .rodata.HAL_GPIO_Init.str1.4
                0x08008748       0x39 Drivers\STM32F4xx_HAL_Driver\Src\stm32f4xx_hal_gpio.o
 *fill*         0x08008781        0x3 
 .rodata.HAL_HCD_Init.str1.4
                0x08008784       0x38 Drivers\STM32F4xx_HAL_Driver\Src\stm32f4xx_hal_hcd.o
 .rodata.HAL_RCC_OscConfig.str1.4
                0x080087bc       0x38 Drivers\STM32F4xx_HAL_Driver\Src\stm32f4xx_hal_rcc.o
 .rodata.TIM_OC1_SetConfig.str1.4
                0x080087f4       0x38 Drivers\STM32F4xx_HAL_Driver\Src\stm32f4xx_hal_tim.o
 .rodata.HAL_TIMEx_HallSensor_Init.str1.4
                0x0800882c       0x3b Drivers\STM32F4xx_HAL_Driver\Src\stm32f4xx_hal_tim_ex.o
 *fill*         0x08008867        0x1 
 .rodata.USBH_HID_InterfaceInit.str1.4
                0x08008868       0xa0 Middlewares\ST\STM32_USB_Host_Library\Class\HID\Src\usbh_hid.o
 .rodata.str1.4
                0x08008908        0x4 Middlewares\ST\STM32_USB_Host_Library\Class\HID\Src\usbh_hid.o
 .rodata.HID_KEYBRD_Codes
                0x0800890c       0xe8 Middlewares\ST\STM32_USB_Host_Library\Class\HID\Src\usbh_hid_keybd.o
 .rodata.HID_KEYBRD_Key
                0x080089f4       0x82 Middlewares\ST\STM32_USB_Host_Library\Class\HID\Src\usbh_hid_keybd.o
 *fill*         0x08008a76        0x2 
 .rodata.HID_KEYBRD_ShiftKey
                0x08008a78       0x82 Middlewares\ST\STM32_USB_Host_Library\Class\HID\Src\usbh_hid_keybd.o
 *fill*         0x08008afa        0x2 
 .rodata.imp_0_key_array
                0x08008afc       0x20 Middlewares\ST\STM32_USB_Host_Library\Class\HID\Src\usbh_hid_keybd.o
 .rodata.imp_0_lalt
                0x08008b1c       0x20 Middlewares\ST\STM32_USB_Host_Library\Class\HID\Src\usbh_hid_keybd.o
 .rodata.imp_0_lctrl
                0x08008b3c       0x20 Middlewares\ST\STM32_USB_Host_Library\Class\HID\Src\usbh_hid_keybd.o
 .rodata.imp_0_lgui
                0x08008b5c       0x20 Middlewares\ST\STM32_USB_Host_Library\Class\HID\Src\usbh_hid_keybd.o
 .rodata.imp_0_lshift
                0x08008b7c       0x20 Middlewares\ST\STM32_USB_Host_Library\Class\HID\Src\usbh_hid_keybd.o
 .rodata.imp_0_ralt
                0x08008b9c       0x20 Middlewares\ST\STM32_USB_Host_Library\Class\HID\Src\usbh_hid_keybd.o
 .rodata.imp_0_rctrl
                0x08008bbc       0x20 Middlewares\ST\STM32_USB_Host_Library\Class\HID\Src\usbh_hid_keybd.o
 .rodata.imp_0_rgui
                0x08008bdc       0x20 Middlewares\ST\STM32_USB_Host_Library\Class\HID\Src\usbh_hid_keybd.o
 .rodata.imp_0_rshift
                0x08008bfc       0x20 Middlewares\ST\STM32_USB_Host_Library\Class\HID\Src\usbh_hid_keybd.o
 .rodata.USBH_HandleEnum.str1.4
                0x08008c1c       0xa0 Middlewares\ST\STM32_USB_Host_Library\Core\Src\usbh_core.o
 .rodata.USBH_Init.str1.4
                0x08008cbc       0x27 Middlewares\ST\STM32_USB_Host_Library\Core\Src\usbh_core.o
 *fill*         0x08008ce3        0x1 
 .rodata.USBH_LL_Disconnect.str1.4
                0x08008ce4       0x18 Middlewares\ST\STM32_USB_Host_Library\Core\Src\usbh_core.o
 .rodata.USBH_Process.str1.4
                0x08008cfc      0x11e Middlewares\ST\STM32_USB_Host_Library\Core\Src\usbh_core.o
 *fill*         0x08008e1a        0x2 
 .rodata.USBH_RegisterClass.str1.4
                0x08008e1c       0x31 Middlewares\ST\STM32_USB_Host_Library\Core\Src\usbh_core.o
 *fill*         0x08008e4d        0x3 
 .rodata.USBH_SelectInterface.str1.4
                0x08008e50       0x6e Middlewares\ST\STM32_USB_Host_Library\Core\Src\usbh_core.o
 *fill*         0x08008ebe        0x2 
 .rodata.USBH_HandleControl.str1.4
                0x08008ec0        0xe Middlewares\ST\STM32_USB_Host_Library\Core\Src\usbh_ctlreq.o
                                 0x16 (size before relaxing)
 *fill*         0x08008ece        0x2 
 .rodata.vTaskStartScheduler.str1.4
                0x08008ed0        0x5 Middlewares\Third_Party\FreeRTOS\Source\tasks.o
 *fill*         0x08008ed5        0x3 
 .rodata.prvCheckForValidListAndQueue.str1.4
                0x08008ed8        0x5 Middlewares\Third_Party\FreeRTOS\Source\timers.o
 *fill*         0x08008edd        0x3 
 .rodata.xTimerCreateTimerTask.str1.4
                0x08008ee0        0x8 Middlewares\Third_Party\FreeRTOS\Source\timers.o
 .rodata.vApplicationDaemonTaskStartupHook.str1.4
                0x08008ee8       0x22 Src\freertos.o
 *fill*         0x08008f0a        0x2 
 .rodata.vApplicationMallocFailedHook.str1.4
                0x08008f0c       0x1d Src\freertos.o
 *fill*         0x08008f29        0x3 
 .rodata.vApplicationStackOverflowHook.str1.4
                0x08008f2c       0x1e Src\freertos.o
 *fill*         0x08008f4a        0x2 
 .rodata.USBH_HID_EventCallback.str1.4
                0x08008f4c       0x43 Src\main.o
 *fill*         0x08008f8f        0x1 
 .rodata.main.str1.4
                0x08008f90       0x14 Src\main.o
 .rodata.BusFault_Handler.str1.4
                0x08008fa4       0x11 Src\stm32f4xx_it.o
 *fill*         0x08008fb5        0x3 
 .rodata.DebugMon_Handler.str1.4
                0x08008fb8       0x11 Src\stm32f4xx_it.o
 *fill*         0x08008fc9        0x3 
 .rodata.HardFault_Handler.str1.4
                0x08008fcc       0x12 Src\stm32f4xx_it.o
 *fill*         0x08008fde        0x2 
 .rodata.MemManage_Handler.str1.4
                0x08008fe0       0x12 Src\stm32f4xx_it.o
 *fill*         0x08008ff2        0x2 
 .rodata.UsageFault_Handler.str1.4
                0x08008ff4       0x13 Src\stm32f4xx_it.o
 *fill*         0x08009007        0x1 
 .rodata.AHBPrescTable
                0x08009008       0x10 Src\system_stm32f4xx.o
                0x08009008                AHBPrescTable
 .rodata.APBPrescTable
                0x08009018        0x8 Src\system_stm32f4xx.o
                0x08009018                APBPrescTable
 .rodata.MX_USB_HOST_Init.str1.4
                0x08009020       0x17 Src\usb_host.o
 *fill*         0x08009037        0x1 
 .rodata.USBH_UserProcess.str1.4
                0x08009038       0x80 Src\usb_host.o
                                 0x7d (size before relaxing)
 .rodata._global_impure_ptr
                0x080090b8        0x4 c:/program files (x86)/atollic/truestudio for stm32 9.3.0/armtools/bin/../lib/gcc/arm-atollic-eabi/6.3.1/../../../../arm-atollic-eabi/lib/armv7e-m/fpu\libc_nano.a(lib_a-impure.o)
                0x080090b8                _global_impure_ptr
 .rodata.__sf_fake_stderr
                0x080090bc       0x20 c:/program files (x86)/atollic/truestudio for stm32 9.3.0/armtools/bin/../lib/gcc/arm-atollic-eabi/6.3.1/../../../../arm-atollic-eabi/lib/armv7e-m/fpu\libc_nano.a(lib_a-findfp.o)
                0x080090bc                __sf_fake_stderr
 .rodata.__sf_fake_stdin
                0x080090dc       0x20 c:/program files (x86)/atollic/truestudio for stm32 9.3.0/armtools/bin/../lib/gcc/arm-atollic-eabi/6.3.1/../../../../arm-atollic-eabi/lib/armv7e-m/fpu\libc_nano.a(lib_a-findfp.o)
                0x080090dc                __sf_fake_stdin
 .rodata.__sf_fake_stdout
                0x080090fc       0x20 c:/program files (x86)/atollic/truestudio for stm32 9.3.0/armtools/bin/../lib/gcc/arm-atollic-eabi/6.3.1/../../../../arm-atollic-eabi/lib/armv7e-m/fpu\libc_nano.a(lib_a-findfp.o)
                0x080090fc                __sf_fake_stdout
 .rodata._vfprintf_r.str1.1
                0x0800911c       0x11 c:/program files (x86)/atollic/truestudio for stm32 9.3.0/armtools/bin/../lib/gcc/arm-atollic-eabi/6.3.1/../../../../arm-atollic-eabi/lib/armv7e-m/fpu\libc_nano.a(lib_a-nano-vfprintf.o)
 .rodata._printf_i.str1.1
                0x0800912d       0x22 c:/program files (x86)/atollic/truestudio for stm32 9.3.0/armtools/bin/../lib/gcc/arm-atollic-eabi/6.3.1/../../../../arm-atollic-eabi/lib/armv7e-m/fpu\libc_nano.a(lib_a-nano-vfprintf_i.o)
                0x08009150                . = ALIGN (0x4)
 *fill*         0x0800914f        0x1 

.ARM.extab
 *(.ARM.extab* .gnu.linkonce.armextab.*)

.ARM            0x08009150        0x8
                0x08009150                __exidx_start = .
 *(.ARM.exidx*)
 .ARM.exidx     0x08009150        0x8 c:/program files (x86)/atollic/truestudio for stm32 9.3.0/armtools/bin/../lib/gcc/arm-atollic-eabi/6.3.1/armv7e-m/fpu\libgcc.a(_udivmoddi4.o)
                0x08009158                __exidx_end = .

.rel.dyn        0x08009158        0x0
 .rel.iplt      0x08009158        0x0 c:/program files (x86)/atollic/truestudio for stm32 9.3.0/armtools/bin/../lib/gcc/arm-atollic-eabi/6.3.1/armv7e-m/fpu/crtbegin.o

.preinit_array  0x08009158        0x0
                0x08009158                PROVIDE (__preinit_array_start, .)
 *(.preinit_array*)
                0x08009158                PROVIDE (__preinit_array_end, .)

.init_array     0x08009158        0x4
                0x08009158                PROVIDE (__init_array_start, .)
 *(SORT(.init_array.*))
 *(.init_array*)
 .init_array    0x08009158        0x4 c:/program files (x86)/atollic/truestudio for stm32 9.3.0/armtools/bin/../lib/gcc/arm-atollic-eabi/6.3.1/armv7e-m/fpu/crtbegin.o
                0x0800915c                PROVIDE (__init_array_end, .)

.fini_array     0x0800915c        0x4
                [!provide]                PROVIDE (__fini_array_start, .)
 *(SORT(.fini_array.*))
 *(.fini_array*)
 .fini_array    0x0800915c        0x4 c:/program files (x86)/atollic/truestudio for stm32 9.3.0/armtools/bin/../lib/gcc/arm-atollic-eabi/6.3.1/armv7e-m/fpu/crtbegin.o
                [!provide]                PROVIDE (__fini_array_end, .)
                0x08009160                _sidata = LOADADDR (.data)

.data           0x20000000       0x94 load address 0x08009160
                0x20000000                . = ALIGN (0x4)
                0x20000000                _sdata = .
 *(.data)
 *(.data*)
 .data.uwTickFreq
                0x20000000        0x1 Drivers\STM32F4xx_HAL_Driver\Src\stm32f4xx_hal.o
                0x20000000                uwTickFreq
 *fill*         0x20000001        0x3 
 .data.uwTickPrio
                0x20000004        0x4 Drivers\STM32F4xx_HAL_Driver\Src\stm32f4xx_hal.o
                0x20000004                uwTickPrio
 .data.HID_Class
                0x20000008       0x20 Middlewares\ST\STM32_USB_Host_Library\Class\HID\Src\usbh_hid.o
                0x20000008                HID_Class
 .data.uxCriticalNesting
                0x20000028        0x4 Middlewares\Third_Party\FreeRTOS\Source\portable\GCC\ARM_CM4F\port.o
 .data.SystemCoreClock
                0x2000002c        0x4 Src\system_stm32f4xx.o
                0x2000002c                SystemCoreClock
 .data._impure_ptr
                0x20000030        0x4 c:/program files (x86)/atollic/truestudio for stm32 9.3.0/armtools/bin/../lib/gcc/arm-atollic-eabi/6.3.1/../../../../arm-atollic-eabi/lib/armv7e-m/fpu\libc_nano.a(lib_a-impure.o)
                0x20000030                _impure_ptr
 .data.impure_data
                0x20000034       0x60 c:/program files (x86)/atollic/truestudio for stm32 9.3.0/armtools/bin/../lib/gcc/arm-atollic-eabi/6.3.1/../../../../arm-atollic-eabi/lib/armv7e-m/fpu\libc_nano.a(lib_a-impure.o)
                0x20000094                . = ALIGN (0x4)
                0x20000094                _edata = .
                0x080091f4                _siccmram = LOADADDR (.ccmram)

.igot.plt       0x20000094        0x0 load address 0x080091f4
 .igot.plt      0x20000094        0x0 c:/program files (x86)/atollic/truestudio for stm32 9.3.0/armtools/bin/../lib/gcc/arm-atollic-eabi/6.3.1/armv7e-m/fpu/crtbegin.o

.ccmram         0x10000000        0x0 load address 0x080091f4
                0x10000000                . = ALIGN (0x4)
                0x10000000                _sccmram = .
 *(.ccmram)
 *(.ccmram*)
                0x10000000                . = ALIGN (0x4)
                0x10000000                _eccmram = .
                0x10000000                . = ALIGN (0x4)

.bss            0x20000094     0x81c0
                0x20000094                _sbss = .
                0x20000094                __bss_start__ = _sbss
 *(.bss)
 .bss           0x20000094       0x1c c:/program files (x86)/atollic/truestudio for stm32 9.3.0/armtools/bin/../lib/gcc/arm-atollic-eabi/6.3.1/armv7e-m/fpu/crtbegin.o
 *(.bss*)
 .bss.tmpreg.8308
                0x200000b0        0x4 Drivers\STM32F4xx_HAL_Driver\Src\stm32f4xx_ll_usb.o
 .bss.Idle_Stack
                0x200000b4     0x1000 Middlewares\Third_Party\FreeRTOS\Source\CMSIS_RTOS_V2\cmsis_os2.o
 .bss.Idle_TCB  0x200010b4       0x64 Middlewares\Third_Party\FreeRTOS\Source\CMSIS_RTOS_V2\cmsis_os2.o
 .bss.KernelState
                0x20001118        0x4 Middlewares\Third_Party\FreeRTOS\Source\CMSIS_RTOS_V2\cmsis_os2.o
 .bss.Timer_Stack
                0x2000111c     0x2000 Middlewares\Third_Party\FreeRTOS\Source\CMSIS_RTOS_V2\cmsis_os2.o
 .bss.Timer_TCB
                0x2000311c       0x64 Middlewares\Third_Party\FreeRTOS\Source\CMSIS_RTOS_V2\cmsis_os2.o
 .bss.ucMaxSysCallPriority
                0x20003180        0x1 Middlewares\Third_Party\FreeRTOS\Source\portable\GCC\ARM_CM4F\port.o
 *fill*         0x20003181        0x3 
 .bss.ulMaxPRIGROUPValue
                0x20003184        0x4 Middlewares\Third_Party\FreeRTOS\Source\portable\GCC\ARM_CM4F\port.o
 .bss.pxEnd     0x20003188        0x4 Middlewares\Third_Party\FreeRTOS\Source\portable\MemMang\heap_4.o
 .bss.ucHeap    0x2000318c     0x3c00 Middlewares\Third_Party\FreeRTOS\Source\portable\MemMang\heap_4.o
 .bss.xBlockAllocatedBit
                0x20006d8c        0x4 Middlewares\Third_Party\FreeRTOS\Source\portable\MemMang\heap_4.o
 .bss.xFreeBytesRemaining
                0x20006d90        0x4 Middlewares\Third_Party\FreeRTOS\Source\portable\MemMang\heap_4.o
 .bss.xMinimumEverFreeBytesRemaining
                0x20006d94        0x4 Middlewares\Third_Party\FreeRTOS\Source\portable\MemMang\heap_4.o
 .bss.xStart    0x20006d98        0x8 Middlewares\Third_Party\FreeRTOS\Source\portable\MemMang\heap_4.o
 .bss.pxCurrentTCB
                0x20006da0        0x4 Middlewares\Third_Party\FreeRTOS\Source\tasks.o
                0x20006da0                pxCurrentTCB
 .bss.pxDelayedTaskList
                0x20006da4        0x4 Middlewares\Third_Party\FreeRTOS\Source\tasks.o
 .bss.pxOverflowDelayedTaskList
                0x20006da8        0x4 Middlewares\Third_Party\FreeRTOS\Source\tasks.o
 .bss.pxReadyTasksLists
                0x20006dac      0x460 Middlewares\Third_Party\FreeRTOS\Source\tasks.o
 .bss.ulTaskSwitchedInTime
                0x2000720c        0x4 Middlewares\Third_Party\FreeRTOS\Source\tasks.o
 .bss.ulTotalRunTime
                0x20007210        0x4 Middlewares\Third_Party\FreeRTOS\Source\tasks.o
 .bss.uxCurrentNumberOfTasks
                0x20007214        0x4 Middlewares\Third_Party\FreeRTOS\Source\tasks.o
 .bss.uxDeletedTasksWaitingCleanUp
                0x20007218        0x4 Middlewares\Third_Party\FreeRTOS\Source\tasks.o
 .bss.uxPendedTicks
                0x2000721c        0x4 Middlewares\Third_Party\FreeRTOS\Source\tasks.o
 .bss.uxSchedulerSuspended
                0x20007220        0x4 Middlewares\Third_Party\FreeRTOS\Source\tasks.o
 .bss.uxTaskNumber
                0x20007224        0x4 Middlewares\Third_Party\FreeRTOS\Source\tasks.o
 .bss.uxTopReadyPriority
                0x20007228        0x4 Middlewares\Third_Party\FreeRTOS\Source\tasks.o
 .bss.xDelayedTaskList1
                0x2000722c       0x14 Middlewares\Third_Party\FreeRTOS\Source\tasks.o
 .bss.xDelayedTaskList2
                0x20007240       0x14 Middlewares\Third_Party\FreeRTOS\Source\tasks.o
 .bss.xNextTaskUnblockTime
                0x20007254        0x4 Middlewares\Third_Party\FreeRTOS\Source\tasks.o
 .bss.xNumOfOverflows
                0x20007258        0x4 Middlewares\Third_Party\FreeRTOS\Source\tasks.o
 .bss.xPendingReadyList
                0x2000725c       0x14 Middlewares\Third_Party\FreeRTOS\Source\tasks.o
 .bss.xSchedulerRunning
                0x20007270        0x4 Middlewares\Third_Party\FreeRTOS\Source\tasks.o
 .bss.xSuspendedTaskList
                0x20007274       0x14 Middlewares\Third_Party\FreeRTOS\Source\tasks.o
 .bss.xTasksWaitingTermination
                0x20007288       0x14 Middlewares\Third_Party\FreeRTOS\Source\tasks.o
 .bss.xTickCount
                0x2000729c        0x4 Middlewares\Third_Party\FreeRTOS\Source\tasks.o
 .bss.xYieldPending
                0x200072a0        0x4 Middlewares\Third_Party\FreeRTOS\Source\tasks.o
 .bss.pxCurrentTimerList
                0x200072a4        0x4 Middlewares\Third_Party\FreeRTOS\Source\timers.o
 .bss.pxOverflowTimerList
                0x200072a8        0x4 Middlewares\Third_Party\FreeRTOS\Source\timers.o
 .bss.ucStaticTimerQueueStorage.6642
                0x200072ac       0x78 Middlewares\Third_Party\FreeRTOS\Source\timers.o
 .bss.xActiveTimerList1
                0x20007324       0x14 Middlewares\Third_Party\FreeRTOS\Source\timers.o
 .bss.xActiveTimerList2
                0x20007338       0x14 Middlewares\Third_Party\FreeRTOS\Source\timers.o
 .bss.xLastTime.6593
                0x2000734c        0x4 Middlewares\Third_Party\FreeRTOS\Source\timers.o
 .bss.xStaticTimerQueue.6641
                0x20007350       0x50 Middlewares\Third_Party\FreeRTOS\Source\timers.o
 .bss.xTimerQueue
                0x200073a0        0x4 Middlewares\Third_Party\FreeRTOS\Source\timers.o
 .bss.xTimerTaskHandle
                0x200073a4        0x4 Middlewares\Third_Party\FreeRTOS\Source\timers.o
 .bss.ulHighFrequencyTimerTicks
                0x200073a8        0x4 Src\freertos.o
                0x200073a8                ulHighFrequencyTimerTicks
 .bss.heap_end.9768
                0x200073ac        0x4 Src\syscalls.o
 .bss.Appli_state
                0x200073b0        0x1 Src\usb_host.o
                0x200073b0                Appli_state
 *fill*         0x200073b1        0x3 
 .bss.__malloc_free_list
                0x200073b4        0x4 c:/program files (x86)/atollic/truestudio for stm32 9.3.0/armtools/bin/../lib/gcc/arm-atollic-eabi/6.3.1/../../../../arm-atollic-eabi/lib/armv7e-m/fpu\libc_nano.a(lib_a-nano-mallocr.o)
                0x200073b4                __malloc_free_list
 .bss.__malloc_sbrk_start
                0x200073b8        0x4 c:/program files (x86)/atollic/truestudio for stm32 9.3.0/armtools/bin/../lib/gcc/arm-atollic-eabi/6.3.1/../../../../arm-atollic-eabi/lib/armv7e-m/fpu\libc_nano.a(lib_a-nano-mallocr.o)
                0x200073b8                __malloc_sbrk_start
 *(COMMON)
 COMMON         0x200073bc        0x4 Drivers\STM32F4xx_HAL_Driver\Src\stm32f4xx_hal.o
                0x200073bc                uwTick
 COMMON         0x200073c0       0x17 Middlewares\ST\STM32_USB_Host_Library\Class\HID\Src\usbh_hid_keybd.o
                0x200073c0                keybd_report_data
                0x200073c8                keybd_info
 *fill*         0x200073d7        0x1 
 COMMON         0x200073d8        0xc Middlewares\ST\STM32_USB_Host_Library\Class\HID\Src\usbh_hid_mouse.o
                0x200073d8                mouse_info
                0x200073e0                mouse_report_data
 COMMON         0x200073e4       0x24 Middlewares\ST\STM32_USB_Host_Library\Core\Src\usbh_core.o
                0x200073e4                USBH_Thread_Atrr
 COMMON         0x20007408       0x40 Middlewares\Third_Party\FreeRTOS\Source\queue.o
                0x20007408                xQueueRegistry
 COMMON         0x20007448      0x42c Src\main.o
                0x20007448                defaultTaskHandle
                0x2000744c                htim4
                0x2000748c                buf
 COMMON         0x20007874       0x40 Src\stm32f4xx_hal_timebase_tim.o
                0x20007874                htim14
 COMMON         0x200078b4      0x6d8 Src\usb_host.o
                0x200078b4                hUsbHostFS
 COMMON         0x20007f8c      0x2c4 Src\usbh_conf.o
                0x20007f8c                hhcd_USB_OTG_FS
 COMMON         0x20008250        0x4 c:/program files (x86)/atollic/truestudio for stm32 9.3.0/armtools/bin/../lib/gcc/arm-atollic-eabi/6.3.1/../../../../arm-atollic-eabi/lib/armv7e-m/fpu\libc_nano.a(lib_a-reent.o)
                0x20008250                errno
                0x20008254                . = ALIGN (0x4)
                0x20008254                _ebss = .
                0x20008254                __bss_end__ = _ebss

._user_heap_stack
                0x20008254     0x8000
                0x20008254                . = ALIGN (0x4)
                0x20008254                PROVIDE (end, .)
                [!provide]                PROVIDE (_end, .)
                0x2000c254                . = (. + _Min_Heap_Size)
 *fill*         0x20008254     0x4000 
                0x20010254                . = (. + _Min_Stack_Size)
 *fill*         0x2000c254     0x4000 
                0x20010254                . = ALIGN (0x4)

/DISCARD/
 libc.a(*)
 libm.a(*)
 libgcc.a(*)

.ARM.attributes
                0x00000000       0x30
 *(.ARM.attributes)
 .ARM.attributes
                0x00000000       0x22 c:/program files (x86)/atollic/truestudio for stm32 9.3.0/armtools/bin/../lib/gcc/arm-atollic-eabi/6.3.1/armv7e-m/fpu/crti.o
 .ARM.attributes
                0x00000022       0x34 c:/program files (x86)/atollic/truestudio for stm32 9.3.0/armtools/bin/../lib/gcc/arm-atollic-eabi/6.3.1/armv7e-m/fpu/crtbegin.o
 .ARM.attributes
                0x00000056       0x39 Drivers\STM32F4xx_HAL_Driver\Src\stm32f4xx_hal.o
 .ARM.attributes
                0x0000008f       0x39 Drivers\STM32F4xx_HAL_Driver\Src\stm32f4xx_hal_cortex.o
 .ARM.attributes
                0x000000c8       0x39 Drivers\STM32F4xx_HAL_Driver\Src\stm32f4xx_hal_gpio.o
 .ARM.attributes
                0x00000101       0x39 Drivers\STM32F4xx_HAL_Driver\Src\stm32f4xx_hal_hcd.o
 .ARM.attributes
                0x0000013a       0x39 Drivers\STM32F4xx_HAL_Driver\Src\stm32f4xx_hal_rcc.o
 .ARM.attributes
                0x00000173       0x39 Drivers\STM32F4xx_HAL_Driver\Src\stm32f4xx_hal_tim.o
 .ARM.attributes
                0x000001ac       0x39 Drivers\STM32F4xx_HAL_Driver\Src\stm32f4xx_hal_tim_ex.o
 .ARM.attributes
                0x000001e5       0x39 Drivers\STM32F4xx_HAL_Driver\Src\stm32f4xx_ll_usb.o
 .ARM.attributes
                0x0000021e       0x39 Middlewares\ST\STM32_USB_Host_Library\Class\HID\Src\usbh_hid.o
 .ARM.attributes
                0x00000257       0x39 Middlewares\ST\STM32_USB_Host_Library\Class\HID\Src\usbh_hid_keybd.o
 .ARM.attributes
                0x00000290       0x39 Middlewares\ST\STM32_USB_Host_Library\Class\HID\Src\usbh_hid_mouse.o
 .ARM.attributes
                0x000002c9       0x39 Middlewares\ST\STM32_USB_Host_Library\Class\HID\Src\usbh_hid_parser.o
 .ARM.attributes
                0x00000302       0x39 Middlewares\ST\STM32_USB_Host_Library\Core\Src\usbh_core.o
 .ARM.attributes
                0x0000033b       0x39 Middlewares\ST\STM32_USB_Host_Library\Core\Src\usbh_ctlreq.o
 .ARM.attributes
                0x00000374       0x39 Middlewares\ST\STM32_USB_Host_Library\Core\Src\usbh_ioreq.o
 .ARM.attributes
                0x000003ad       0x39 Middlewares\ST\STM32_USB_Host_Library\Core\Src\usbh_pipes.o
 .ARM.attributes
                0x000003e6       0x39 Middlewares\Third_Party\FreeRTOS\Source\CMSIS_RTOS_V2\cmsis_os2.o
 .ARM.attributes
                0x0000041f       0x39 Middlewares\Third_Party\FreeRTOS\Source\list.o
 .ARM.attributes
                0x00000458       0x39 Middlewares\Third_Party\FreeRTOS\Source\portable\GCC\ARM_CM4F\port.o
 .ARM.attributes
                0x00000491       0x39 Middlewares\Third_Party\FreeRTOS\Source\portable\MemMang\heap_4.o
 .ARM.attributes
                0x000004ca       0x39 Middlewares\Third_Party\FreeRTOS\Source\queue.o
 .ARM.attributes
                0x00000503       0x39 Middlewares\Third_Party\FreeRTOS\Source\tasks.o
 .ARM.attributes
                0x0000053c       0x39 Middlewares\Third_Party\FreeRTOS\Source\timers.o
 .ARM.attributes
                0x00000575       0x39 Src\freertos.o
 .ARM.attributes
                0x000005ae       0x39 Src\main.o
 .ARM.attributes
                0x000005e7       0x39 Src\stm32f4xx_hal_msp.o
 .ARM.attributes
                0x00000620       0x39 Src\stm32f4xx_hal_timebase_tim.o
 .ARM.attributes
                0x00000659       0x39 Src\stm32f4xx_it.o
 .ARM.attributes
                0x00000692       0x39 Src\syscalls.o
 .ARM.attributes
                0x000006cb       0x39 Src\system_stm32f4xx.o
 .ARM.attributes
                0x00000704       0x39 Src\usb_host.o
 .ARM.attributes
                0x0000073d       0x39 Src\usbh_conf.o
 .ARM.attributes
                0x00000776       0x39 Src\usbh_platform.o
 .ARM.attributes
                0x000007af       0x21 startup\startup_stm32f407xx.o
 .ARM.attributes