usbh_core.c:187:28:DeInitStateMachine	0	static
usbh_core.c:943:14:USBH_HandleSof	8	static
usbh_core.c:716:27:USBH_HandleEnum	32	static
usbh_core.c:96:21:USBH_Init	16	static
usbh_core.c:169:21:USBH_DeInit	8	static
usbh_core.c:224:21:USBH_RegisterClass	8	static
usbh_core.c:258:20:USBH_SelectInterface	16	static
usbh_core.c:285:9:USBH_GetActiveClass	0	static
usbh_core.c:299:10:USBH_FindInterface	12	static
usbh_core.c:331:10:USBH_FindInterfaceIndex	4	static
usbh_core.c:358:21:USBH_Start	8	static
usbh_core.c:375:21:USBH_Stop	8	static
usbh_core.c:396:20:USBH_ReEnumerate	8	static
usbh_core.c:921:7:USBH_LL_SetTimer	0	static
usbh_core.c:931:7:USBH_LL_IncTimer	8	static
usbh_core.c:957:6:USBH_LL_PortEnabled	0	static
usbh_core.c:970:6:USBH_LL_PortDisabled	0	static
usbh_core.c:983:9:USBH_IsPortEnabled	0	static
usbh_core.c:428:21:USBH_Process	40	static
usbh_core.c:1089:13:USBH_Process_OS	8	static
usbh_core.c:995:21:USBH_LL_Connect	8	static
usbh_core.c:1032:21:USBH_LL_Disconnect	8	static
usbh_core.c:1111:21:USBH_LL_NotifyURBChange	8	static
