usbh_hid.c:700:14:USBH_HID_ParseHIDDesc	0	static
usbh_hid.c:500:27:USBH_HID_SOFProcess	8	static
usbh_hid.c:255:27:USBH_HID_InterfaceDeInit	16	static
usbh_hid.c:137:27:USBH_HID_InterfaceInit	40	static
usbh_hid.c:531:20:USBH_HID_GetHIDReportDescriptor	16	static
usbh_hid.c:561:20:USBH_HID_GetHIDDescriptor	16	static
usbh_hid.c:583:20:USBH_HID_SetIdle	8	static
usbh_hid.c:612:20:USBH_HID_SetReport	16	static
usbh_hid.c:643:20:USBH_HID_GetReport	16	static
usbh_hid.c:670:20:USBH_HID_SetProtocol	8	static
usbh_hid.c:289:27:USBH_HID_ClassRequest	16	static
usbh_hid.c:718:17:USBH_HID_GetDeviceType	0	static
usbh_hid.c:748:9:USBH_HID_GetPollInterval	0	static
usbh_hid.c:773:6:USBH_HID_FifoInit	0	static
usbh_hid.c:790:10:USBH_HID_FifoRead	12	static
usbh_hid.c:829:10:USBH_HID_FifoWrite	16	static
usbh_hid.c:865:13:USBH_HID_EventCallback	0	static
usbh_hid.c:372:27:USBH_HID_Process	24	static
