usbh_conf.c:63:6:HAL_HCD_MspInit	48	static
usbh_conf.c:96:6:HAL_HCD_MspDeInit	8	static
usbh_conf.c:126:6:HAL_HCD_SOF_Callback	8	static
usbh_conf.c:136:6:HAL_HCD_Connect_Callback	8	static
usbh_conf.c:146:6:HAL_HCD_Disconnect_Callback	8	static
usbh_conf.c:158:6:HAL_HCD_HC_NotifyURBChange_Callback	8	static
usbh_conf.c:170:6:HAL_HCD_PortEnabled_Callback	8	static
usbh_conf.c:180:6:HAL_HCD_PortDisabled_Callback	8	static
usbh_conf.c:194:20:USBH_LL_Init	8	static
usbh_conf.c:274:19:USBH_LL_GetSpeed	8	static
usbh_conf.c:322:10:USBH_LL_GetLastXferSize	8	static
usbh_conf.c:426:22:USBH_LL_GetURBState	8	static
usbh_conf.c:440:20:USBH_LL_DriverVBUS	8	static
usbh_conf.c:461:20:USBH_LL_SetToggle	4	static
usbh_conf.c:484:9:USBH_LL_GetToggle	0	static
usbh_conf.c:506:6:USBH_Delay	8	static
usbh_conf.c:516:20:USBH_Get_USB_Status	0	static
usbh_conf.c:223:20:USBH_LL_DeInit	8	static
usbh_conf.c:240:20:USBH_LL_Start	8	static
usbh_conf.c:257:20:USBH_LL_Stop	8	static
usbh_conf.c:304:20:USBH_LL_ResetPort	8	static
usbh_conf.c:338:20:USBH_LL_OpenPipe	24	static
usbh_conf.c:358:20:USBH_LL_ClosePipe	8	static
usbh_conf.c:397:20:USBH_LL_SubmitURB	24	static
